Build started 14-03-2026 03:34:05 PM.
     1>Project "c:\Files\Code\Dotnet\DriodTidal\DroidTidal.csproj" on node 1 (Restore target(s)).
     1>_GetAllRestoreProjectPathItems:
         Determining projects to restore...
       Restore:
         X.509 certificate chain validation will use the default trust store selected by .NET for code signing.
         X.509 certificate chain validation will use the default trust store selected by .NET for timestamping.
         Assets file has not changed. Skipping assets file writing. Path: c:\Files\Code\Dotnet\DriodTidal\obj\project.assets.json
         Restored c:\Files\Code\Dotnet\DriodTidal\DroidTidal.csproj (in 69 ms).
         
         NuGet Config files used:
             C:\Users\Anonymous\AppData\Roaming\NuGet\NuGet.Config
             C:\Program Files (x86)\NuGet\Config\Microsoft.VisualStudio.FallbackLocation.config
             C:\Program Files (x86)\NuGet\Config\Microsoft.VisualStudio.Offline.config
         
         Feeds used:
             https://api.nuget.org/v3/index.json
             C:\Program Files (x86)\Microsoft SDKs\NuGetPackages\
         All projects are up-to-date for restore.
     1>Done Building Project "c:\Files\Code\Dotnet\DriodTidal\DroidTidal.csproj" (Restore target(s)).
   1:7>Project "c:\Files\Code\Dotnet\DriodTidal\DroidTidal.csproj" on node 1 (default targets).
     1>C:\Program Files\dotnet\sdk\10.0.103\Microsoft.Common.CurrentVersion.targets(2437,5): warning MSB3277: Found conflicts between different versions of "WinRT.Runtime" that could not be resolved. [c:\Files\Code\Dotnet\DriodTidal\DroidTidal.csproj]
C:\Program Files\dotnet\sdk\10.0.103\Microsoft.Common.CurrentVersion.targets(2437,5): warning MSB3277: There was a conflict between "WinRT.Runtime, Version=2.1.0.0, Culture=neutral, PublicKeyToken=99ea127f02d97709" and "WinRT.Runtime, Version=2.2.0.0, Culture=neutral, PublicKeyToken=99ea127f02d97709". [c:\Files\Code\Dotnet\DriodTidal\DroidTidal.csproj]
C:\Program Files\dotnet\sdk\10.0.103\Microsoft.Common.CurrentVersion.targets(2437,5): warning MSB3277:     "WinRT.Runtime, Version=2.1.0.0, Culture=neutral, PublicKeyToken=99ea127f02d97709" was chosen because it was primary and "WinRT.Runtime, Version=2.2.0.0, Culture=neutral, PublicKeyToken=99ea127f02d97709" was not. [c:\Files\Code\Dotnet\DriodTidal\DroidTidal.csproj]
C:\Program Files\dotnet\sdk\10.0.103\Microsoft.Common.CurrentVersion.targets(2437,5): warning MSB3277:     References which depend on "WinRT.Runtime, Version=2.1.0.0, Culture=neutral, PublicKeyToken=99ea127f02d97709" [C:\Users\Anonymous\.nuget\packages\microsoft.windows.sdk.net.ref\10.0.22621.52\lib\net6.0\WinRT.Runtime.dll]. [c:\Files\Code\Dotnet\DriodTidal\DroidTidal.csproj]
C:\Program Files\dotnet\sdk\10.0.103\Microsoft.Common.CurrentVersion.targets(2437,5): warning MSB3277:         C:\Users\Anonymous\.nuget\packages\microsoft.windows.sdk.net.ref\10.0.22621.52\lib\net6.0\WinRT.Runtime.dll [c:\Files\Code\Dotnet\DriodTidal\DroidTidal.csproj]
C:\Program Files\dotnet\sdk\10.0.103\Microsoft.Common.CurrentVersion.targets(2437,5): warning MSB3277:           Project file item includes which caused reference "C:\Users\Anonymous\.nuget\packages\microsoft.windows.sdk.net.ref\10.0.22621.52\lib\net6.0\WinRT.Runtime.dll". [c:\Files\Code\Dotnet\DriodTidal\DroidTidal.csproj]
C:\Program Files\dotnet\sdk\10.0.103\Microsoft.Common.CurrentVersion.targets(2437,5): warning MSB3277:             C:\Users\Anonymous\.nuget\packages\microsoft.windows.sdk.net.ref\10.0.22621.52\lib/net6.0/WinRT.Runtime.dll [c:\Files\Code\Dotnet\DriodTidal\DroidTidal.csproj]
C:\Program Files\dotnet\sdk\10.0.103\Microsoft.Common.CurrentVersion.targets(2437,5): warning MSB3277:     References which depend on or have been unified to "WinRT.Runtime, Version=2.2.0.0, Culture=neutral, PublicKeyToken=99ea127f02d97709" []. [c:\Files\Code\Dotnet\DriodTidal\DroidTidal.csproj]
C:\Program Files\dotnet\sdk\10.0.103\Microsoft.Common.CurrentVersion.targets(2437,5): warning MSB3277:         C:\Users\Anonymous\.nuget\packages\microsoft.web.webview2\1.0.3179.45\lib_manual\net8.0-windows10.0.17763.0\Microsoft.Web.WebView2.Core.Projection.dll [c:\Files\Code\Dotnet\DriodTidal\DroidTidal.csproj]
C:\Program Files\dotnet\sdk\10.0.103\Microsoft.Common.CurrentVersion.targets(2437,5): warning MSB3277:           Project file item includes which caused reference "C:\Users\Anonymous\.nuget\packages\microsoft.web.webview2\1.0.3179.45\lib_manual\net8.0-windows10.0.17763.0\Microsoft.Web.WebView2.Core.Projection.dll". [c:\Files\Code\Dotnet\DriodTidal\DroidTidal.csproj]
C:\Program Files\dotnet\sdk\10.0.103\Microsoft.Common.CurrentVersion.targets(2437,5): warning MSB3277:             C:\Users\Anonymous\.nuget\packages\microsoft.web.webview2\1.0.3179.45\buildTransitive\..\\lib_manual\net8.0-windows10.0.17763.0\Microsoft.Web.WebView2.Core.Projection.dll [c:\Files\Code\Dotnet\DriodTidal\DroidTidal.csproj]
C:\Program Files\dotnet\sdk\10.0.103\Microsoft.Common.CurrentVersion.targets(2437,5): warning MSB3277:             C:\Users\Anonymous\.nuget\packages\microsoft.windowsappsdk.winui\1.8.260204000\lib\net6.0-windows10.0.17763.0\Microsoft.WinUI.dll [c:\Files\Code\Dotnet\DriodTidal\DroidTidal.csproj]
C:\Program Files\dotnet\sdk\10.0.103\Microsoft.Common.CurrentVersion.targets(2437,5): warning MSB3277:             C:\Users\Anonymous\.nuget\packages\libvlcsharp\3.9.6\lib\net8.0-windows10.0.19041\LibVLCSharp.dll [c:\Files\Code\Dotnet\DriodTidal\DroidTidal.csproj]
C:\Program Files\dotnet\sdk\10.0.103\Microsoft.Common.CurrentVersion.targets(2437,5): warning MSB3277:         C:\Users\Anonymous\.nuget\packages\communitytoolkit.mvvm\8.4.0\lib\net8.0-windows10.0.17763\CommunityToolkit.Mvvm.dll [c:\Files\Code\Dotnet\DriodTidal\DroidTidal.csproj]
C:\Program Files\dotnet\sdk\10.0.103\Microsoft.Common.CurrentVersion.targets(2437,5): warning MSB3277:           Project file item includes which caused reference "C:\Users\Anonymous\.nuget\packages\communitytoolkit.mvvm\8.4.0\lib\net8.0-windows10.0.17763\CommunityToolkit.Mvvm.dll". [c:\Files\Code\Dotnet\DriodTidal\DroidTidal.csproj]
C:\Program Files\dotnet\sdk\10.0.103\Microsoft.Common.CurrentVersion.targets(2437,5): warning MSB3277:             C:\Users\Anonymous\.nuget\packages\communitytoolkit.mvvm\8.4.0\lib\net8.0-windows10.0.17763\CommunityToolkit.Mvvm.dll [c:\Files\Code\Dotnet\DriodTidal\DroidTidal.csproj]
C:\Program Files\dotnet\sdk\10.0.103\Microsoft.Common.CurrentVersion.targets(2437,5): warning MSB3277:         C:\Users\Anonymous\.nuget\packages\libvlcsharp\3.9.6\lib\net8.0-windows10.0.19041\LibVLCSharp.dll [c:\Files\Code\Dotnet\DriodTidal\DroidTidal.csproj]
C:\Program Files\dotnet\sdk\10.0.103\Microsoft.Common.CurrentVersion.targets(2437,5): warning MSB3277:           Project file item includes which caused reference "C:\Users\Anonymous\.nuget\packages\libvlcsharp\3.9.6\lib\net8.0-windows10.0.19041\LibVLCSharp.dll". [c:\Files\Code\Dotnet\DriodTidal\DroidTidal.csproj]
C:\Program Files\dotnet\sdk\10.0.103\Microsoft.Common.CurrentVersion.targets(2437,5): warning MSB3277:             C:\Users\Anonymous\.nuget\packages\libvlcsharp\3.9.6\lib\net8.0-windows10.0.19041\LibVLCSharp.dll [c:\Files\Code\Dotnet\DriodTidal\DroidTidal.csproj]
C:\Program Files\dotnet\sdk\10.0.103\Microsoft.Common.CurrentVersion.targets(2437,5): warning MSB3277:         C:\Users\Anonymous\.nuget\packages\microsoft.windowsappsdk.ai\1.8.47\lib\net6.0-windows10.0.17763.0\Microsoft.Graphics.Imaging.Projection.dll [c:\Files\Code\Dotnet\DriodTidal\DroidTidal.csproj]
C:\Program Files\dotnet\sdk\10.0.103\Microsoft.Common.CurrentVersion.targets(2437,5): warning MSB3277:           Project file item includes which caused reference "C:\Users\Anonymous\.nuget\packages\microsoft.windowsappsdk.ai\1.8.47\lib\net6.0-windows10.0.17763.0\Microsoft.Graphics.Imaging.Projection.dll". [c:\Files\Code\Dotnet\DriodTidal\DroidTidal.csproj]
C:\Program Files\dotnet\sdk\10.0.103\Microsoft.Common.CurrentVersion.targets(2437,5): warning MSB3277:             C:\Users\Anonymous\.nuget\packages\microsoft.windowsappsdk.ai\1.8.47\lib\net6.0-windows10.0.17763.0\Microsoft.Graphics.Imaging.Projection.dll [c:\Files\Code\Dotnet\DriodTidal\DroidTidal.csproj]
C:\Program Files\dotnet\sdk\10.0.103\Microsoft.Common.CurrentVersion.targets(2437,5): warning MSB3277:             C:\Users\Anonymous\.nuget\packages\microsoft.windowsappsdk.ai\1.8.47\lib\net6.0-windows10.0.17763.0\Microsoft.Windows.AI.Imaging.Projection.dll [c:\Files\Code\Dotnet\DriodTidal\DroidTidal.csproj]
C:\Program Files\dotnet\sdk\10.0.103\Microsoft.Common.CurrentVersion.targets(2437,5): warning MSB3277:         C:\Users\Anonymous\.nuget\packages\microsoft.windowsappsdk.ai\1.8.47\lib\net6.0-windows10.0.17763.0\Microsoft.Windows.AI.ContentSafety.Projection.dll [c:\Files\Code\Dotnet\DriodTidal\DroidTidal.csproj]
C:\Program Files\dotnet\sdk\10.0.103\Microsoft.Common.CurrentVersion.targets(2437,5): warning MSB3277:           Project file item includes which caused reference "C:\Users\Anonymous\.nuget\packages\microsoft.windowsappsdk.ai\1.8.47\lib\net6.0-windows10.0.17763.0\Microsoft.Windows.AI.ContentSafety.Projection.dll". [c:\Files\Code\Dotnet\DriodTidal\DroidTidal.csproj]
C:\Program Files\dotnet\sdk\10.0.103\Microsoft.Common.CurrentVersion.targets(2437,5): warning MSB3277:             C:\Users\Anonymous\.nuget\packages\microsoft.windowsappsdk.ai\1.8.47\lib\net6.0-windows10.0.17763.0\Microsoft.Windows.AI.ContentSafety.Projection.dll [c:\Files\Code\Dotnet\DriodTidal\DroidTidal.csproj]
C:\Program Files\dotnet\sdk\10.0.103\Microsoft.Common.CurrentVersion.targets(2437,5): warning MSB3277:             C:\Users\Anonymous\.nuget\packages\microsoft.windowsappsdk.ai\1.8.47\lib\net6.0-windows10.0.17763.0\Microsoft.Windows.AI.Imaging.Projection.dll [c:\Files\Code\Dotnet\DriodTidal\DroidTidal.csproj]
C:\Program Files\dotnet\sdk\10.0.103\Microsoft.Common.CurrentVersion.targets(2437,5): warning MSB3277:             C:\Users\Anonymous\.nuget\packages\microsoft.windowsappsdk.ai\1.8.47\lib\net6.0-windows10.0.17763.0\Microsoft.Windows.AI.Text.Projection.dll [c:\Files\Code\Dotnet\DriodTidal\DroidTidal.csproj]
C:\Program Files\dotnet\sdk\10.0.103\Microsoft.Common.CurrentVersion.targets(2437,5): warning MSB3277:         C:\Users\Anonymous\.nuget\packages\microsoft.windowsappsdk.ai\1.8.47\lib\net6.0-windows10.0.17763.0\Microsoft.Windows.AI.Foundation.Projection.dll [c:\Files\Code\Dotnet\DriodTidal\DroidTidal.csproj]
C:\Program Files\dotnet\sdk\10.0.103\Microsoft.Common.CurrentVersion.targets(2437,5): warning MSB3277:           Project file item includes which caused reference "C:\Users\Anonymous\.nuget\packages\microsoft.windowsappsdk.ai\1.8.47\lib\net6.0-windows10.0.17763.0\Microsoft.Windows.AI.Foundation.Projection.dll". [c:\Files\Code\Dotnet\DriodTidal\DroidTidal.csproj]
C:\Program Files\dotnet\sdk\10.0.103\Microsoft.Common.CurrentVersion.targets(2437,5): warning MSB3277:             C:\Users\Anonymous\.nuget\packages\microsoft.windowsappsdk.ai\1.8.47\lib\net6.0-windows10.0.17763.0\Microsoft.Windows.AI.Foundation.Projection.dll [c:\Files\Code\Dotnet\DriodTidal\DroidTidal.csproj]
C:\Program Files\dotnet\sdk\10.0.103\Microsoft.Common.CurrentVersion.targets(2437,5): warning MSB3277:             C:\Users\Anonymous\.nuget\packages\microsoft.windowsappsdk.ai\1.8.47\lib\net6.0-windows10.0.17763.0\Microsoft.Windows.AI.Text.Projection.dll [c:\Files\Code\Dotnet\DriodTidal\DroidTidal.csproj]
C:\Program Files\dotnet\sdk\10.0.103\Microsoft.Common.CurrentVersion.targets(2437,5): warning MSB3277:         C:\Users\Anonymous\.nuget\packages\microsoft.windowsappsdk.ai\1.8.47\lib\net6.0-windows10.0.17763.0\Microsoft.Windows.AI.Imaging.Projection.dll [c:\Files\Code\Dotnet\DriodTidal\DroidTidal.csproj]
C:\Program Files\dotnet\sdk\10.0.103\Microsoft.Common.CurrentVersion.targets(2437,5): warning MSB3277:           Project file item includes which caused reference "C:\Users\Anonymous\.nuget\packages\microsoft.windowsappsdk.ai\1.8.47\lib\net6.0-windows10.0.17763.0\Microsoft.Windows.AI.Imaging.Projection.dll". [c:\Files\Code\Dotnet\DriodTidal\DroidTidal.csproj]
C:\Program Files\dotnet\sdk\10.0.103\Microsoft.Common.CurrentVersion.targets(2437,5): warning MSB3277:             C:\Users\Anonymous\.nuget\packages\microsoft.windowsappsdk.ai\1.8.47\lib\net6.0-windows10.0.17763.0\Microsoft.Windows.AI.Imaging.Projection.dll [c:\Files\Code\Dotnet\DriodTidal\DroidTidal.csproj]
C:\Program Files\dotnet\sdk\10.0.103\Microsoft.Common.CurrentVersion.targets(2437,5): warning MSB3277:         C:\Users\Anonymous\.nuget\packages\microsoft.windowsappsdk.ai\1.8.47\lib\net6.0-windows10.0.17763.0\Microsoft.Windows.AI.Projection.dll [c:\Files\Code\Dotnet\DriodTidal\DroidTidal.csproj]
C:\Program Files\dotnet\sdk\10.0.103\Microsoft.Common.CurrentVersion.targets(2437,5): warning MSB3277:           Project file item includes which caused reference "C:\Users\Anonymous\.nuget\packages\microsoft.windowsappsdk.ai\1.8.47\lib\net6.0-windows10.0.17763.0\Microsoft.Windows.AI.Projection.dll". [c:\Files\Code\Dotnet\DriodTidal\DroidTidal.csproj]
C:\Program Files\dotnet\sdk\10.0.103\Microsoft.Common.CurrentVersion.targets(2437,5): warning MSB3277:             C:\Users\Anonymous\.nuget\packages\microsoft.windowsappsdk.ai\1.8.47\lib\net6.0-windows10.0.17763.0\Microsoft.Windows.AI.Projection.dll [c:\Files\Code\Dotnet\DriodTidal\DroidTidal.csproj]
C:\Program Files\dotnet\sdk\10.0.103\Microsoft.Common.CurrentVersion.targets(2437,5): warning MSB3277:             C:\Users\Anonymous\.nuget\packages\microsoft.windowsappsdk.ai\1.8.47\lib\net6.0-windows10.0.17763.0\Microsoft.Windows.AI.Imaging.Projection.dll [c:\Files\Code\Dotnet\DriodTidal\DroidTidal.csproj]
C:\Program Files\dotnet\sdk\10.0.103\Microsoft.Common.CurrentVersion.targets(2437,5): warning MSB3277:             C:\Users\Anonymous\.nuget\packages\microsoft.windowsappsdk.ai\1.8.47\lib\net6.0-windows10.0.17763.0\Microsoft.Windows.AI.Text.Projection.dll [c:\Files\Code\Dotnet\DriodTidal\DroidTidal.csproj]
C:\Program Files\dotnet\sdk\10.0.103\Microsoft.Common.CurrentVersion.targets(2437,5): warning MSB3277:         C:\Users\Anonymous\.nuget\packages\microsoft.windowsappsdk.ai\1.8.47\lib\net6.0-windows10.0.17763.0\Microsoft.Windows.AI.Text.Projection.dll [c:\Files\Code\Dotnet\DriodTidal\DroidTidal.csproj]
C:\Program Files\dotnet\sdk\10.0.103\Microsoft.Common.CurrentVersion.targets(2437,5): warning MSB3277:           Project file item includes which caused reference "C:\Users\Anonymous\.nuget\packages\microsoft.windowsappsdk.ai\1.8.47\lib\net6.0-windows10.0.17763.0\Microsoft.Windows.AI.Text.Projection.dll". [c:\Files\Code\Dotnet\DriodTidal\DroidTidal.csproj]
C:\Program Files\dotnet\sdk\10.0.103\Microsoft.Common.CurrentVersion.targets(2437,5): warning MSB3277:             C:\Users\Anonymous\.nuget\packages\microsoft.windowsappsdk.ai\1.8.47\lib\net6.0-windows10.0.17763.0\Microsoft.Windows.AI.Text.Projection.dll [c:\Files\Code\Dotnet\DriodTidal\DroidTidal.csproj]
C:\Program Files\dotnet\sdk\10.0.103\Microsoft.Common.CurrentVersion.targets(2437,5): warning MSB3277:         C:\Users\Anonymous\.nuget\packages\microsoft.windowsappsdk.foundation\1.8.260203002\lib\net6.0-windows10.0.17763.0\Microsoft.Security.Authentication.OAuth.Projection.dll [c:\Files\Code\Dotnet\DriodTidal\DroidTidal.csproj]
C:\Program Files\dotnet\sdk\10.0.103\Microsoft.Common.CurrentVersion.targets(2437,5): warning MSB3277:           Project file item includes which caused reference "C:\Users\Anonymous\.nuget\packages\microsoft.windowsappsdk.foundation\1.8.260203002\lib\net6.0-windows10.0.17763.0\Microsoft.Security.Authentication.OAuth.Projection.dll". [c:\Files\Code\Dotnet\DriodTidal\DroidTidal.csproj]
C:\Program Files\dotnet\sdk\10.0.103\Microsoft.Common.CurrentVersion.targets(2437,5): warning MSB3277:             C:\Users\Anonymous\.nuget\packages\microsoft.windowsappsdk.foundation\1.8.260203002\lib\net6.0-windows10.0.17763.0\Microsoft.Security.Authentication.OAuth.Projection.dll [c:\Files\Code\Dotnet\DriodTidal\DroidTidal.csproj]
C:\Program Files\dotnet\sdk\10.0.103\Microsoft.Common.CurrentVersion.targets(2437,5): warning MSB3277:         C:\Users\Anonymous\.nuget\packages\microsoft.windowsappsdk.foundation\1.8.260203002\lib\net6.0-windows10.0.17763.0\Microsoft.Windows.AppLifecycle.Projection.dll [c:\Files\Code\Dotnet\DriodTidal\DroidTidal.csproj]
C:\Program Files\dotnet\sdk\10.0.103\Microsoft.Common.CurrentVersion.targets(2437,5): warning MSB3277:           Project file item includes which caused reference "C:\Users\Anonymous\.nuget\packages\microsoft.windowsappsdk.foundation\1.8.260203002\lib\net6.0-windows10.0.17763.0\Microsoft.Windows.AppLifecycle.Projection.dll". [c:\Files\Code\Dotnet\DriodTidal\DroidTidal.csproj]
C:\Program Files\dotnet\sdk\10.0.103\Microsoft.Common.CurrentVersion.targets(2437,5): warning MSB3277:             C:\Users\Anonymous\.nuget\packages\microsoft.windowsappsdk.foundation\1.8.260203002\lib\net6.0-windows10.0.17763.0\Microsoft.Windows.AppLifecycle.Projection.dll [c:\Files\Code\Dotnet\DriodTidal\DroidTidal.csproj]
C:\Program Files\dotnet\sdk\10.0.103\Microsoft.Common.CurrentVersion.targets(2437,5): warning MSB3277:         C:\Users\Anonymous\.nuget\packages\microsoft.windowsappsdk.foundation\1.8.260203002\lib\net6.0-windows10.0.17763.0\Microsoft.Windows.AppNotifications.Builder.Projection.dll [c:\Files\Code\Dotnet\DriodTidal\DroidTidal.csproj]
C:\Program Files\dotnet\sdk\10.0.103\Microsoft.Common.CurrentVersion.targets(2437,5): warning MSB3277:           Project file item includes which caused reference "C:\Users\Anonymous\.nuget\packages\microsoft.windowsappsdk.foundation\1.8.260203002\lib\net6.0-windows10.0.17763.0\Microsoft.Windows.AppNotifications.Builder.Projection.dll". [c:\Files\Code\Dotnet\DriodTidal\DroidTidal.csproj]
C:\Program Files\dotnet\sdk\10.0.103\Microsoft.Common.CurrentVersion.targets(2437,5): warning MSB3277:             C:\Users\Anonymous\.nuget\packages\microsoft.windowsappsdk.foundation\1.8.260203002\lib\net6.0-windows10.0.17763.0\Microsoft.Windows.AppNotifications.Builder.Projection.dll [c:\Files\Code\Dotnet\DriodTidal\DroidTidal.csproj]
C:\Program Files\dotnet\sdk\10.0.103\Microsoft.Common.CurrentVersion.targets(2437,5): warning MSB3277:         C:\Users\Anonymous\.nuget\packages\microsoft.windowsappsdk.foundation\1.8.260203002\lib\net6.0-windows10.0.17763.0\Microsoft.Windows.AppNotifications.Projection.dll [c:\Files\Code\Dotnet\DriodTidal\DroidTidal.csproj]
C:\Program Files\dotnet\sdk\10.0.103\Microsoft.Common.CurrentVersion.targets(2437,5): warning MSB3277:           Project file item includes which caused reference "C:\Users\Anonymous\.nuget\packages\microsoft.windowsappsdk.foundation\1.8.260203002\lib\net6.0-windows10.0.17763.0\Microsoft.Windows.AppNotifications.Projection.dll". [c:\Files\Code\Dotnet\DriodTidal\DroidTidal.csproj]
C:\Program Files\dotnet\sdk\10.0.103\Microsoft.Common.CurrentVersion.targets(2437,5): warning MSB3277:             C:\Users\Anonymous\.nuget\packages\microsoft.windowsappsdk.foundation\1.8.260203002\lib\net6.0-windows10.0.17763.0\Microsoft.Windows.AppNotifications.Projection.dll [c:\Files\Code\Dotnet\DriodTidal\DroidTidal.csproj]
C:\Program Files\dotnet\sdk\10.0.103\Microsoft.Common.CurrentVersion.targets(2437,5): warning MSB3277:             C:\Users\Anonymous\.nuget\packages\microsoft.windowsappsdk.foundation\1.8.260203002\lib\net6.0-windows10.0.17763.0\Microsoft.Windows.AppNotifications.Builder.Projection.dll [c:\Files\Code\Dotnet\DriodTidal\DroidTidal.csproj]
C:\Program Files\dotnet\sdk\10.0.103\Microsoft.Common.CurrentVersion.targets(2437,5): warning MSB3277:         C:\Users\Anonymous\.nuget\packages\microsoft.windowsappsdk.foundation\1.8.260203002\lib\net6.0-windows10.0.17763.0\Microsoft.Windows.ApplicationModel.Background.Projection.dll [c:\Files\Code\Dotnet\DriodTidal\DroidTidal.csproj]
C:\Program Files\dotnet\sdk\10.0.103\Microsoft.Common.CurrentVersion.targets(2437,5): warning MSB3277:           Project file item includes which caused reference "C:\Users\Anonymous\.nuget\packages\microsoft.windowsappsdk.foundation\1.8.260203002\lib\net6.0-windows10.0.17763.0\Microsoft.Windows.ApplicationModel.Background.Projection.dll". [c:\Files\Code\Dotnet\DriodTidal\DroidTidal.csproj]
C:\Program Files\dotnet\sdk\10.0.103\Microsoft.Common.CurrentVersion.targets(2437,5): warning MSB3277:             C:\Users\Anonymous\.nuget\packages\microsoft.windowsappsdk.foundation\1.8.260203002\lib\net6.0-windows10.0.17763.0\Microsoft.Windows.ApplicationModel.Background.Projection.dll [c:\Files\Code\Dotnet\DriodTidal\DroidTidal.csproj]
C:\Program Files\dotnet\sdk\10.0.103\Microsoft.Common.CurrentVersion.targets(2437,5): warning MSB3277:         C:\Users\Anonymous\.nuget\packages\microsoft.windowsappsdk.foundation\1.8.260203002\lib\net6.0-windows10.0.17763.0\Microsoft.Windows.ApplicationModel.DynamicDependency.Projection.dll [c:\Files\Code\Dotnet\DriodTidal\DroidTidal.csproj]
C:\Program Files\dotnet\sdk\10.0.103\Microsoft.Common.CurrentVersion.targets(2437,5): warning MSB3277:           Project file item includes which caused reference "C:\Users\Anonymous\.nuget\packages\microsoft.windowsappsdk.foundation\1.8.260203002\lib\net6.0-windows10.0.17763.0\Microsoft.Windows.ApplicationModel.DynamicDependency.Projection.dll". [c:\Files\Code\Dotnet\DriodTidal\DroidTidal.csproj]
C:\Program Files\dotnet\sdk\10.0.103\Microsoft.Common.CurrentVersion.targets(2437,5): warning MSB3277:             C:\Users\Anonymous\.nuget\packages\microsoft.windowsappsdk.foundation\1.8.260203002\lib\net6.0-windows10.0.17763.0\Microsoft.Windows.ApplicationModel.DynamicDependency.Projection.dll [c:\Files\Code\Dotnet\DriodTidal\DroidTidal.csproj]
C:\Program Files\dotnet\sdk\10.0.103\Microsoft.Common.CurrentVersion.targets(2437,5): warning MSB3277:             C:\Users\Anonymous\.nuget\packages\microsoft.windowsappsdk.foundation\1.8.260203002\lib\net6.0-windows10.0.17763.0\Microsoft.Windows.Management.Deployment.Projection.dll [c:\Files\Code\Dotnet\DriodTidal\DroidTidal.csproj]
C:\Program Files\dotnet\sdk\10.0.103\Microsoft.Common.CurrentVersion.targets(2437,5): warning MSB3277:         C:\Users\Anonymous\.nuget\packages\microsoft.windowsappsdk.foundation\1.8.260203002\lib\net6.0-windows10.0.17763.0\Microsoft.Windows.ApplicationModel.Resources.Projection.dll [c:\Files\Code\Dotnet\DriodTidal\DroidTidal.csproj]
C:\Program Files\dotnet\sdk\10.0.103\Microsoft.Common.CurrentVersion.targets(2437,5): warning MSB3277:           Project file item includes which caused reference "C:\Users\Anonymous\.nuget\packages\microsoft.windowsappsdk.foundation\1.8.260203002\lib\net6.0-windows10.0.17763.0\Microsoft.Windows.ApplicationModel.Resources.Projection.dll". [c:\Files\Code\Dotnet\DriodTidal\DroidTidal.csproj]
C:\Program Files\dotnet\sdk\10.0.103\Microsoft.Common.CurrentVersion.targets(2437,5): warning MSB3277:             C:\Users\Anonymous\.nuget\packages\microsoft.windowsappsdk.foundation\1.8.260203002\lib\net6.0-windows10.0.17763.0\Microsoft.Windows.ApplicationModel.Resources.Projection.dll [c:\Files\Code\Dotnet\DriodTidal\DroidTidal.csproj]
C:\Program Files\dotnet\sdk\10.0.103\Microsoft.Common.CurrentVersion.targets(2437,5): warning MSB3277:             C:\Users\Anonymous\.nuget\packages\microsoft.windowsappsdk.winui\1.8.260204000\lib\net6.0-windows10.0.17763.0\Microsoft.WinUI.dll [c:\Files\Code\Dotnet\DriodTidal\DroidTidal.csproj]
C:\Program Files\dotnet\sdk\10.0.103\Microsoft.Common.CurrentVersion.targets(2437,5): warning MSB3277:             C:\Users\Anonymous\.nuget\packages\libvlcsharp\3.9.6\lib\net8.0-windows10.0.19041\LibVLCSharp.dll [c:\Files\Code\Dotnet\DriodTidal\DroidTidal.csproj]
C:\Program Files\dotnet\sdk\10.0.103\Microsoft.Common.CurrentVersion.targets(2437,5): warning MSB3277:         C:\Users\Anonymous\.nuget\packages\microsoft.windowsappsdk.foundation\1.8.260203002\lib\net6.0-windows10.0.17763.0\Microsoft.Windows.ApplicationModel.WindowsAppRuntime.Projection.dll [c:\Files\Code\Dotnet\DriodTidal\DroidTidal.csproj]
C:\Program Files\dotnet\sdk\10.0.103\Microsoft.Common.CurrentVersion.targets(2437,5): warning MSB3277:           Project file item includes which caused reference "C:\Users\Anonymous\.nuget\packages\microsoft.windowsappsdk.foundation\1.8.260203002\lib\net6.0-windows10.0.17763.0\Microsoft.Windows.ApplicationModel.WindowsAppRuntime.Projection.dll". [c:\Files\Code\Dotnet\DriodTidal\DroidTidal.csproj]
C:\Program Files\dotnet\sdk\10.0.103\Microsoft.Common.CurrentVersion.targets(2437,5): warning MSB3277:             C:\Users\Anonymous\.nuget\packages\microsoft.windowsappsdk.foundation\1.8.260203002\lib\net6.0-windows10.0.17763.0\Microsoft.Windows.ApplicationModel.WindowsAppRuntime.Projection.dll [c:\Files\Code\Dotnet\DriodTidal\DroidTidal.csproj]
C:\Program Files\dotnet\sdk\10.0.103\Microsoft.Common.CurrentVersion.targets(2437,5): warning MSB3277:         C:\Users\Anonymous\.nuget\packages\microsoft.windowsappsdk.foundation\1.8.260203002\lib\net6.0-windows10.0.17763.0\Microsoft.Windows.BadgeNotifications.Projection.dll [c:\Files\Code\Dotnet\DriodTidal\DroidTidal.csproj]
C:\Program Files\dotnet\sdk\10.0.103\Microsoft.Common.CurrentVersion.targets(2437,5): warning MSB3277:           Project file item includes which caused reference "C:\Users\Anonymous\.nuget\packages\microsoft.windowsappsdk.foundation\1.8.260203002\lib\net6.0-windows10.0.17763.0\Microsoft.Windows.BadgeNotifications.Projection.dll". [c:\Files\Code\Dotnet\DriodTidal\DroidTidal.csproj]
C:\Program Files\dotnet\sdk\10.0.103\Microsoft.Common.CurrentVersion.targets(2437,5): warning MSB3277:             C:\Users\Anonymous\.nuget\packages\microsoft.windowsappsdk.foundation\1.8.260203002\lib\net6.0-windows10.0.17763.0\Microsoft.Windows.BadgeNotifications.Projection.dll [c:\Files\Code\Dotnet\DriodTidal\DroidTidal.csproj]
C:\Program Files\dotnet\sdk\10.0.103\Microsoft.Common.CurrentVersion.targets(2437,5): warning MSB3277:         C:\Users\Anonymous\.nuget\packages\microsoft.windowsappsdk.foundation\1.8.260203002\lib\net6.0-windows10.0.17763.0\Microsoft.Windows.Foundation.Projection.dll [c:\Files\Code\Dotnet\DriodTidal\DroidTidal.csproj]
C:\Program Files\dotnet\sdk\10.0.103\Microsoft.Common.CurrentVersion.targets(2437,5): warning MSB3277:           Project file item includes which caused reference "C:\Users\Anonymous\.nuget\packages\microsoft.windowsappsdk.foundation\1.8.260203002\lib\net6.0-windows10.0.17763.0\Microsoft.Windows.Foundation.Projection.dll". [c:\Files\Code\Dotnet\DriodTidal\DroidTidal.csproj]
C:\Program Files\dotnet\sdk\10.0.103\Microsoft.Common.CurrentVersion.targets(2437,5): warning MSB3277:             C:\Users\Anonymous\.nuget\packages\microsoft.windowsappsdk.foundation\1.8.260203002\lib\net6.0-windows10.0.17763.0\Microsoft.Windows.Foundation.Projection.dll [c:\Files\Code\Dotnet\DriodTidal\DroidTidal.csproj]
C:\Program Files\dotnet\sdk\10.0.103\Microsoft.Common.CurrentVersion.targets(2437,5): warning MSB3277:         C:\Users\Anonymous\.nuget\packages\microsoft.windowsappsdk.foundation\1.8.260203002\lib\net6.0-windows10.0.17763.0\Microsoft.Windows.Management.Deployment.Projection.dll [c:\Files\Code\Dotnet\DriodTidal\DroidTidal.csproj]
C:\Program Files\dotnet\sdk\10.0.103\Microsoft.Common.CurrentVersion.targets(2437,5): warning MSB3277:           Project file item includes which caused reference "C:\Users\Anonymous\.nuget\packages\microsoft.windowsappsdk.foundation\1.8.260203002\lib\net6.0-windows10.0.17763.0\Microsoft.Windows.Management.Deployment.Projection.dll". [c:\Files\Code\Dotnet\DriodTidal\DroidTidal.csproj]
C:\Program Files\dotnet\sdk\10.0.103\Microsoft.Common.CurrentVersion.targets(2437,5): warning MSB3277:             C:\Users\Anonymous\.nuget\packages\microsoft.windowsappsdk.foundation\1.8.260203002\lib\net6.0-windows10.0.17763.0\Microsoft.Windows.Management.Deployment.Projection.dll [c:\Files\Code\Dotnet\DriodTidal\DroidTidal.csproj]
C:\Program Files\dotnet\sdk\10.0.103\Microsoft.Common.CurrentVersion.targets(2437,5): warning MSB3277:         C:\Users\Anonymous\.nuget\packages\microsoft.windowsappsdk.foundation\1.8.260203002\lib\net6.0-windows10.0.17763.0\Microsoft.Windows.Media.Capture.Projection.dll [c:\Files\Code\Dotnet\DriodTidal\DroidTidal.csproj]
C:\Program Files\dotnet\sdk\10.0.103\Microsoft.Common.CurrentVersion.targets(2437,5): warning MSB3277:           Project file item includes which caused reference "C:\Users\Anonymous\.nuget\packages\microsoft.windowsappsdk.foundation\1.8.260203002\lib\net6.0-windows10.0.17763.0\Microsoft.Windows.Media.Capture.Projection.dll". [c:\Files\Code\Dotnet\DriodTidal\DroidTidal.csproj]
C:\Program Files\dotnet\sdk\10.0.103\Microsoft.Common.CurrentVersion.targets(2437,5): warning MSB3277:             C:\Users\Anonymous\.nuget\packages\microsoft.windowsappsdk.foundation\1.8.260203002\lib\net6.0-windows10.0.17763.0\Microsoft.Windows.Media.Capture.Projection.dll [c:\Files\Code\Dotnet\DriodTidal\DroidTidal.csproj]
C:\Program Files\dotnet\sdk\10.0.103\Microsoft.Common.CurrentVersion.targets(2437,5): warning MSB3277:         C:\Users\Anonymous\.nuget\packages\microsoft.windowsappsdk.foundation\1.8.260203002\lib\net6.0-windows10.0.17763.0\Microsoft.Windows.PushNotifications.Projection.dll [c:\Files\Code\Dotnet\DriodTidal\DroidTidal.csproj]
C:\Program Files\dotnet\sdk\10.0.103\Microsoft.Common.CurrentVersion.targets(2437,5): warning MSB3277:           Project file item includes which caused reference "C:\Users\Anonymous\.nuget\packages\microsoft.windowsappsdk.foundation\1.8.260203002\lib\net6.0-windows10.0.17763.0\Microsoft.Windows.PushNotifications.Projection.dll". [c:\Files\Code\Dotnet\DriodTidal\DroidTidal.csproj]
C:\Program Files\dotnet\sdk\10.0.103\Microsoft.Common.CurrentVersion.targets(2437,5): warning MSB3277:             C:\Users\Anonymous\.nuget\packages\microsoft.windowsappsdk.foundation\1.8.260203002\lib\net6.0-windows10.0.17763.0\Microsoft.Windows.PushNotifications.Projection.dll [c:\Files\Code\Dotnet\DriodTidal\DroidTidal.csproj]
C:\Program Files\dotnet\sdk\10.0.103\Microsoft.Common.CurrentVersion.targets(2437,5): warning MSB3277:         C:\Users\Anonymous\.nuget\packages\microsoft.windowsappsdk.foundation\1.8.260203002\lib\net6.0-windows10.0.17763.0\Microsoft.Windows.Security.AccessControl.Projection.dll [c:\Files\Code\Dotnet\DriodTidal\DroidTidal.csproj]
C:\Program Files\dotnet\sdk\10.0.103\Microsoft.Common.CurrentVersion.targets(2437,5): warning MSB3277:           Project file item includes which caused reference "C:\Users\Anonymous\.nuget\packages\microsoft.windowsappsdk.foundation\1.8.260203002\lib\net6.0-windows10.0.17763.0\Microsoft.Windows.Security.AccessControl.Projection.dll". [c:\Files\Code\Dotnet\DriodTidal\DroidTidal.csproj]
C:\Program Files\dotnet\sdk\10.0.103\Microsoft.Common.CurrentVersion.targets(2437,5): warning MSB3277:             C:\Users\Anonymous\.nuget\packages\microsoft.windowsappsdk.foundation\1.8.260203002\lib\net6.0-windows10.0.17763.0\Microsoft.Windows.Security.AccessControl.Projection.dll [c:\Files\Code\Dotnet\DriodTidal\DroidTidal.csproj]
C:\Program Files\dotnet\sdk\10.0.103\Microsoft.Common.CurrentVersion.targets(2437,5): warning MSB3277:         C:\Users\Anonymous\.nuget\packages\microsoft.windowsappsdk.foundation\1.8.260203002\lib\net6.0-windows10.0.17763.0\Microsoft.Windows.Storage.Pickers.Projection.dll [c:\Files\Code\Dotnet\DriodTidal\DroidTidal.csproj]
C:\Program Files\dotnet\sdk\10.0.103\Microsoft.Common.CurrentVersion.targets(2437,5): warning MSB3277:           Project file item includes which caused reference "C:\Users\Anonymous\.nuget\packages\microsoft.windowsappsdk.foundation\1.8.260203002\lib\net6.0-windows10.0.17763.0\Microsoft.Windows.Storage.Pickers.Projection.dll". [c:\Files\Code\Dotnet\DriodTidal\DroidTidal.csproj]
C:\Program Files\dotnet\sdk\10.0.103\Microsoft.Common.CurrentVersion.targets(2437,5): warning MSB3277:             C:\Users\Anonymous\.nuget\packages\microsoft.windowsappsdk.foundation\1.8.260203002\lib\net6.0-windows10.0.17763.0\Microsoft.Windows.Storage.Pickers.Projection.dll [c:\Files\Code\Dotnet\DriodTidal\DroidTidal.csproj]
C:\Program Files\dotnet\sdk\10.0.103\Microsoft.Common.CurrentVersion.targets(2437,5): warning MSB3277:         C:\Users\Anonymous\.nuget\packages\microsoft.windowsappsdk.foundation\1.8.260203002\lib\net6.0-windows10.0.17763.0\Microsoft.Windows.Storage.Projection.dll [c:\Files\Code\Dotnet\DriodTidal\DroidTidal.csproj]
C:\Program Files\dotnet\sdk\10.0.103\Microsoft.Common.CurrentVersion.targets(2437,5): warning MSB3277:           Project file item includes which caused reference "C:\Users\Anonymous\.nuget\packages\microsoft.windowsappsdk.foundation\1.8.260203002\lib\net6.0-windows10.0.17763.0\Microsoft.Windows.Storage.Projection.dll". [c:\Files\Code\Dotnet\DriodTidal\DroidTidal.csproj]
C:\Program Files\dotnet\sdk\10.0.103\Microsoft.Common.CurrentVersion.targets(2437,5): warning MSB3277:             C:\Users\Anonymous\.nuget\packages\microsoft.windowsappsdk.foundation\1.8.260203002\lib\net6.0-windows10.0.17763.0\Microsoft.Windows.Storage.Projection.dll [c:\Files\Code\Dotnet\DriodTidal\DroidTidal.csproj]
C:\Program Files\dotnet\sdk\10.0.103\Microsoft.Common.CurrentVersion.targets(2437,5): warning MSB3277:         C:\Users\Anonymous\.nuget\packages\microsoft.windowsappsdk.foundation\1.8.260203002\lib\net6.0-windows10.0.17763.0\Microsoft.Windows.System.Power.Projection.dll [c:\Files\Code\Dotnet\DriodTidal\DroidTidal.csproj]
C:\Program Files\dotnet\sdk\10.0.103\Microsoft.Common.CurrentVersion.targets(2437,5): warning MSB3277:           Project file item includes which caused reference "C:\Users\Anonymous\.nuget\packages\microsoft.windowsappsdk.foundation\1.8.260203002\lib\net6.0-windows10.0.17763.0\Microsoft.Windows.System.Power.Projection.dll". [c:\Files\Code\Dotnet\DriodTidal\DroidTidal.csproj]
C:\Program Files\dotnet\sdk\10.0.103\Microsoft.Common.CurrentVersion.targets(2437,5): warning MSB3277:             C:\Users\Anonymous\.nuget\packages\microsoft.windowsappsdk.foundation\1.8.260203002\lib\net6.0-windows10.0.17763.0\Microsoft.Windows.System.Power.Projection.dll [c:\Files\Code\Dotnet\DriodTidal\DroidTidal.csproj]
C:\Program Files\dotnet\sdk\10.0.103\Microsoft.Common.CurrentVersion.targets(2437,5): warning MSB3277:         C:\Users\Anonymous\.nuget\packages\microsoft.windowsappsdk.foundation\1.8.260203002\lib\net6.0-windows10.0.17763.0\Microsoft.Windows.System.Projection.dll [c:\Files\Code\Dotnet\DriodTidal\DroidTidal.csproj]
C:\Program Files\dotnet\sdk\10.0.103\Microsoft.Common.CurrentVersion.targets(2437,5): warning MSB3277:           Project file item includes which caused reference "C:\Users\Anonymous\.nuget\packages\microsoft.windowsappsdk.foundation\1.8.260203002\lib\net6.0-windows10.0.17763.0\Microsoft.Windows.System.Projection.dll". [c:\Files\Code\Dotnet\DriodTidal\DroidTidal.csproj]
C:\Program Files\dotnet\sdk\10.0.103\Microsoft.Common.CurrentVersion.targets(2437,5): warning MSB3277:             C:\Users\Anonymous\.nuget\packages\microsoft.windowsappsdk.foundation\1.8.260203002\lib\net6.0-windows10.0.17763.0\Microsoft.Windows.System.Projection.dll [c:\Files\Code\Dotnet\DriodTidal\DroidTidal.csproj]
C:\Program Files\dotnet\sdk\10.0.103\Microsoft.Common.CurrentVersion.targets(2437,5): warning MSB3277:         C:\Users\Anonymous\.nuget\packages\microsoft.windowsappsdk.interactiveexperiences\1.8.260125001\lib\net6.0-windows10.0.18362.0\Microsoft.InteractiveExperiences.Projection.dll [c:\Files\Code\Dotnet\DriodTidal\DroidTidal.csproj]
C:\Program Files\dotnet\sdk\10.0.103\Microsoft.Common.CurrentVersion.targets(2437,5): warning MSB3277:           Project file item includes which caused reference "C:\Users\Anonymous\.nuget\packages\microsoft.windowsappsdk.interactiveexperiences\1.8.260125001\lib\net6.0-windows10.0.18362.0\Microsoft.InteractiveExperiences.Projection.dll". [c:\Files\Code\Dotnet\DriodTidal\DroidTidal.csproj]
C:\Program Files\dotnet\sdk\10.0.103\Microsoft.Common.CurrentVersion.targets(2437,5): warning MSB3277:             C:\Users\Anonymous\.nuget\packages\microsoft.windowsappsdk.interactiveexperiences\1.8.260125001\lib\net6.0-windows10.0.18362.0\Microsoft.InteractiveExperiences.Projection.dll [c:\Files\Code\Dotnet\DriodTidal\DroidTidal.csproj]
C:\Program Files\dotnet\sdk\10.0.103\Microsoft.Common.CurrentVersion.targets(2437,5): warning MSB3277:             C:\Users\Anonymous\.nuget\packages\microsoft.windowsappsdk.foundation\1.8.260203002\lib\net6.0-windows10.0.17763.0\Microsoft.Security.Authentication.OAuth.Projection.dll [c:\Files\Code\Dotnet\DriodTidal\DroidTidal.csproj]
C:\Program Files\dotnet\sdk\10.0.103\Microsoft.Common.CurrentVersion.targets(2437,5): warning MSB3277:             C:\Users\Anonymous\.nuget\packages\microsoft.windowsappsdk.foundation\1.8.260203002\lib\net6.0-windows10.0.17763.0\Microsoft.Windows.Media.Capture.Projection.dll [c:\Files\Code\Dotnet\DriodTidal\DroidTidal.csproj]
C:\Program Files\dotnet\sdk\10.0.103\Microsoft.Common.CurrentVersion.targets(2437,5): warning MSB3277:             C:\Users\Anonymous\.nuget\packages\microsoft.windowsappsdk.foundation\1.8.260203002\lib\net6.0-windows10.0.17763.0\Microsoft.Windows.Storage.Pickers.Projection.dll [c:\Files\Code\Dotnet\DriodTidal\DroidTidal.csproj]
C:\Program Files\dotnet\sdk\10.0.103\Microsoft.Common.CurrentVersion.targets(2437,5): warning MSB3277:             C:\Users\Anonymous\.nuget\packages\microsoft.windowsappsdk.winui\1.8.260204000\lib\net6.0-windows10.0.17763.0\Microsoft.WinUI.dll [c:\Files\Code\Dotnet\DriodTidal\DroidTidal.csproj]
C:\Program Files\dotnet\sdk\10.0.103\Microsoft.Common.CurrentVersion.targets(2437,5): warning MSB3277:             C:\Users\Anonymous\.nuget\packages\libvlcsharp\3.9.6\lib\net8.0-windows10.0.19041\LibVLCSharp.dll [c:\Files\Code\Dotnet\DriodTidal\DroidTidal.csproj]
C:\Program Files\dotnet\sdk\10.0.103\Microsoft.Common.CurrentVersion.targets(2437,5): warning MSB3277:         C:\Users\Anonymous\.nuget\packages\microsoft.windowsappsdk.ml\1.8.2124\lib\net8.0-windows10.0.17763.0\Microsoft.Windows.AI.MachineLearning.Projection.dll [c:\Files\Code\Dotnet\DriodTidal\DroidTidal.csproj]
C:\Program Files\dotnet\sdk\10.0.103\Microsoft.Common.CurrentVersion.targets(2437,5): warning MSB3277:           Project file item includes which caused reference "C:\Users\Anonymous\.nuget\packages\microsoft.windowsappsdk.ml\1.8.2124\lib\net8.0-windows10.0.17763.0\Microsoft.Windows.AI.MachineLearning.Projection.dll". [c:\Files\Code\Dotnet\DriodTidal\DroidTidal.csproj]
C:\Program Files\dotnet\sdk\10.0.103\Microsoft.Common.CurrentVersion.targets(2437,5): warning MSB3277:             C:\Users\Anonymous\.nuget\packages\microsoft.windowsappsdk.ml\1.8.2124\lib\net8.0-windows10.0.17763.0\Microsoft.Windows.AI.MachineLearning.Projection.dll [c:\Files\Code\Dotnet\DriodTidal\DroidTidal.csproj]
C:\Program Files\dotnet\sdk\10.0.103\Microsoft.Common.CurrentVersion.targets(2437,5): warning MSB3277:         C:\Users\Anonymous\.nuget\packages\microsoft.windowsappsdk.widgets\1.8.251231004\lib\net6.0-windows10.0.17763.0\Microsoft.Windows.Widgets.Projection.dll [c:\Files\Code\Dotnet\DriodTidal\DroidTidal.csproj]
C:\Program Files\dotnet\sdk\10.0.103\Microsoft.Common.CurrentVersion.targets(2437,5): warning MSB3277:           Project file item includes which caused reference "C:\Users\Anonymous\.nuget\packages\microsoft.windowsappsdk.widgets\1.8.251231004\lib\net6.0-windows10.0.17763.0\Microsoft.Windows.Widgets.Projection.dll". [c:\Files\Code\Dotnet\DriodTidal\DroidTidal.csproj]
C:\Program Files\dotnet\sdk\10.0.103\Microsoft.Common.CurrentVersion.targets(2437,5): warning MSB3277:             C:\Users\Anonymous\.nuget\packages\microsoft.windowsappsdk.widgets\1.8.251231004\lib\net6.0-windows10.0.17763.0\Microsoft.Windows.Widgets.Projection.dll [c:\Files\Code\Dotnet\DriodTidal\DroidTidal.csproj]
C:\Program Files\dotnet\sdk\10.0.103\Microsoft.Common.CurrentVersion.targets(2437,5): warning MSB3277:         C:\Users\Anonymous\.nuget\packages\microsoft.windowsappsdk.winui\1.8.260204000\lib\net6.0-windows10.0.17763.0\Microsoft.WinUI.dll [c:\Files\Code\Dotnet\DriodTidal\DroidTidal.csproj]
C:\Program Files\dotnet\sdk\10.0.103\Microsoft.Common.CurrentVersion.targets(2437,5): warning MSB3277:           Project file item includes which caused reference "C:\Users\Anonymous\.nuget\packages\microsoft.windowsappsdk.winui\1.8.260204000\lib\net6.0-windows10.0.17763.0\Microsoft.WinUI.dll". [c:\Files\Code\Dotnet\DriodTidal\DroidTidal.csproj]
C:\Program Files\dotnet\sdk\10.0.103\Microsoft.Common.CurrentVersion.targets(2437,5): warning MSB3277:             C:\Users\Anonymous\.nuget\packages\microsoft.windowsappsdk.winui\1.8.260204000\lib\net6.0-windows10.0.17763.0\Microsoft.WinUI.dll [c:\Files\Code\Dotnet\DriodTidal\DroidTidal.csproj]
C:\Program Files\dotnet\sdk\10.0.103\Microsoft.Common.CurrentVersion.targets(2437,5): warning MSB3277:             C:\Users\Anonymous\.nuget\packages\libvlcsharp\3.9.6\lib\net8.0-windows10.0.19041\LibVLCSharp.dll [c:\Files\Code\Dotnet\DriodTidal\DroidTidal.csproj]
     1>MarkupCompilePass1:
         "C:\Users\Anonymous\.nuget\packages\microsoft.windowsappsdk.winui\1.8.260204000\buildTransitive\..\tools\net6.0\..\net472\XamlCompiler.exe" "obj\Debug\net8.0-windows10.0.22621.0\\input.json" "obj\Debug\net8.0-windows10.0.22621.0\\output.json"
     1>C:\Users\Anonymous\.nuget\packages\microsoft.windowsappsdk.winui\1.8.260204000\buildTransitive\Microsoft.UI.Xaml.Markup.Compiler.interop.targets(594,9): error MSB3073: The command ""C:\Users\Anonymous\.nuget\packages\microsoft.windowsappsdk.winui\1.8.260204000\buildTransitive\..\tools\net6.0\..\net472\XamlCompiler.exe" "obj\Debug\net8.0-windows10.0.22621.0\\input.json" "obj\Debug\net8.0-windows10.0.22621.0\\output.json"" exited with code 1. [c:\Files\Code\Dotnet\DriodTidal\DroidTidal.csproj]
     1>Done Building Project "c:\Files\Code\Dotnet\DriodTidal\DroidTidal.csproj" (default targets) -- FAILED.

Build FAILED.

       "c:\Files\Code\Dotnet\DriodTidal\DroidTidal.csproj" (default target) (1:7) ->
       (ResolveAssemblyReferences target) -> 
         C:\Program Files\dotnet\sdk\10.0.103\Microsoft.Common.CurrentVersion.targets(2437,5): warning MSB3277: Found conflicts between different versions of "WinRT.Runtime" that could not be resolved. [c:\Files\Code\Dotnet\DriodTidal\DroidTidal.csproj]
       C:\Program Files\dotnet\sdk\10.0.103\Microsoft.Common.CurrentVersion.targets(2437,5): warning MSB3277: There was a conflict between "WinRT.Runtime, Version=2.1.0.0, Culture=neutral, PublicKeyToken=99ea127f02d97709" and "WinRT.Runtime, Version=2.2.0.0, Culture=neutral, PublicKeyToken=99ea127f02d97709". [c:\Files\Code\Dotnet\DriodTidal\DroidTidal.csproj]
       C:\Program Files\dotnet\sdk\10.0.103\Microsoft.Common.CurrentVersion.targets(2437,5): warning MSB3277:     "WinRT.Runtime, Version=2.1.0.0, Culture=neutral, PublicKeyToken=99ea127f02d97709" was chosen because it was primary and "WinRT.Runtime, Version=2.2.0.0, Culture=neutral, PublicKeyToken=99ea127f02d97709" was not. [c:\Files\Code\Dotnet\DriodTidal\DroidTidal.csproj]
       C:\Program Files\dotnet\sdk\10.0.103\Microsoft.Common.CurrentVersion.targets(2437,5): warning MSB3277:     References which depend on "WinRT.Runtime, Version=2.1.0.0, Culture=neutral, PublicKeyToken=99ea127f02d97709" [C:\Users\Anonymous\.nuget\packages\microsoft.windows.sdk.net.ref\10.0.22621.52\lib\net6.0\WinRT.Runtime.dll]. [c:\Files\Code\Dotnet\DriodTidal\DroidTidal.csproj]
       C:\Program Files\dotnet\sdk\10.0.103\Microsoft.Common.CurrentVersion.targets(2437,5): warning MSB3277:         C:\Users\Anonymous\.nuget\packages\microsoft.windows.sdk.net.ref\10.0.22621.52\lib\net6.0\WinRT.Runtime.dll [c:\Files\Code\Dotnet\DriodTidal\DroidTidal.csproj]
       C:\Program Files\dotnet\sdk\10.0.103\Microsoft.Common.CurrentVersion.targets(2437,5): warning MSB3277:           Project file item includes which caused reference "C:\Users\Anonymous\.nuget\packages\microsoft.windows.sdk.net.ref\10.0.22621.52\lib\net6.0\WinRT.Runtime.dll". [c:\Files\Code\Dotnet\DriodTidal\DroidTidal.csproj]
       C:\Program Files\dotnet\sdk\10.0.103\Microsoft.Common.CurrentVersion.targets(2437,5): warning MSB3277:             C:\Users\Anonymous\.nuget\packages\microsoft.windows.sdk.net.ref\10.0.22621.52\lib/net6.0/WinRT.Runtime.dll [c:\Files\Code\Dotnet\DriodTidal\DroidTidal.csproj]
       C:\Program Files\dotnet\sdk\10.0.103\Microsoft.Common.CurrentVersion.targets(2437,5): warning MSB3277:     References which depend on or have been unified to "WinRT.Runtime, Version=2.2.0.0, Culture=neutral, PublicKeyToken=99ea127f02d97709" []. [c:\Files\Code\Dotnet\DriodTidal\DroidTidal.csproj]
       C:\Program Files\dotnet\sdk\10.0.103\Microsoft.Common.CurrentVersion.targets(2437,5): warning MSB3277:         C:\Users\Anonymous\.nuget\packages\microsoft.web.webview2\1.0.3179.45\lib_manual\net8.0-windows10.0.17763.0\Microsoft.Web.WebView2.Core.Projection.dll [c:\Files\Code\Dotnet\DriodTidal\DroidTidal.csproj]
       C:\Program Files\dotnet\sdk\10.0.103\Microsoft.Common.CurrentVersion.targets(2437,5): warning MSB3277:           Project file item includes which caused reference "C:\Users\Anonymous\.nuget\packages\microsoft.web.webview2\1.0.3179.45\lib_manual\net8.0-windows10.0.17763.0\Microsoft.Web.WebView2.Core.Projection.dll". [c:\Files\Code\Dotnet\DriodTidal\DroidTidal.csproj]
       C:\Program Files\dotnet\sdk\10.0.103\Microsoft.Common.CurrentVersion.targets(2437,5): warning MSB3277:             C:\Users\Anonymous\.nuget\packages\microsoft.web.webview2\1.0.3179.45\buildTransitive\..\\lib_manual\net8.0-windows10.0.17763.0\Microsoft.Web.WebView2.Core.Projection.dll [c:\Files\Code\Dotnet\DriodTidal\DroidTidal.csproj]
       C:\Program Files\dotnet\sdk\10.0.103\Microsoft.Common.CurrentVersion.targets(2437,5): warning MSB3277:             C:\Users\Anonymous\.nuget\packages\microsoft.windowsappsdk.winui\1.8.260204000\lib\net6.0-windows10.0.17763.0\Microsoft.WinUI.dll [c:\Files\Code\Dotnet\DriodTidal\DroidTidal.csproj]
       C:\Program Files\dotnet\sdk\10.0.103\Microsoft.Common.CurrentVersion.targets(2437,5): warning MSB3277:             C:\Users\Anonymous\.nuget\packages\libvlcsharp\3.9.6\lib\net8.0-windows10.0.19041\LibVLCSharp.dll [c:\Files\Code\Dotnet\DriodTidal\DroidTidal.csproj]
       C:\Program Files\dotnet\sdk\10.0.103\Microsoft.Common.CurrentVersion.targets(2437,5): warning MSB3277:         C:\Users\Anonymous\.nuget\packages\communitytoolkit.mvvm\8.4.0\lib\net8.0-windows10.0.17763\CommunityToolkit.Mvvm.dll [c:\Files\Code\Dotnet\DriodTidal\DroidTidal.csproj]
       C:\Program Files\dotnet\sdk\10.0.103\Microsoft.Common.CurrentVersion.targets(2437,5): warning MSB3277:           Project file item includes which caused reference "C:\Users\Anonymous\.nuget\packages\communitytoolkit.mvvm\8.4.0\lib\net8.0-windows10.0.17763\CommunityToolkit.Mvvm.dll". [c:\Files\Code\Dotnet\DriodTidal\DroidTidal.csproj]
       C:\Program Files\dotnet\sdk\10.0.103\Microsoft.Common.CurrentVersion.targets(2437,5): warning MSB3277:             C:\Users\Anonymous\.nuget\packages\communitytoolkit.mvvm\8.4.0\lib\net8.0-windows10.0.17763\CommunityToolkit.Mvvm.dll [c:\Files\Code\Dotnet\DriodTidal\DroidTidal.csproj]
       C:\Program Files\dotnet\sdk\10.0.103\Microsoft.Common.CurrentVersion.targets(2437,5): warning MSB3277:         C:\Users\Anonymous\.nuget\packages\libvlcsharp\3.9.6\lib\net8.0-windows10.0.19041\LibVLCSharp.dll [c:\Files\Code\Dotnet\DriodTidal\DroidTidal.csproj]
       C:\Program Files\dotnet\sdk\10.0.103\Microsoft.Common.CurrentVersion.targets(2437,5): warning MSB3277:           Project file item includes which caused reference "C:\Users\Anonymous\.nuget\packages\libvlcsharp\3.9.6\lib\net8.0-windows10.0.19041\LibVLCSharp.dll". [c:\Files\Code\Dotnet\DriodTidal\DroidTidal.csproj]
       C:\Program Files\dotnet\sdk\10.0.103\Microsoft.Common.CurrentVersion.targets(2437,5): warning MSB3277:             C:\Users\Anonymous\.nuget\packages\libvlcsharp\3.9.6\lib\net8.0-windows10.0.19041\LibVLCSharp.dll [c:\Files\Code\Dotnet\DriodTidal\DroidTidal.csproj]
       C:\Program Files\dotnet\sdk\10.0.103\Microsoft.Common.CurrentVersion.targets(2437,5): warning MSB3277:         C:\Users\Anonymous\.nuget\packages\microsoft.windowsappsdk.ai\1.8.47\lib\net6.0-windows10.0.17763.0\Microsoft.Graphics.Imaging.Projection.dll [c:\Files\Code\Dotnet\DriodTidal\DroidTidal.csproj]
       C:\Program Files\dotnet\sdk\10.0.103\Microsoft.Common.CurrentVersion.targets(2437,5): warning MSB3277:           Project file item includes which caused reference "C:\Users\Anonymous\.nuget\packages\microsoft.windowsappsdk.ai\1.8.47\lib\net6.0-windows10.0.17763.0\Microsoft.Graphics.Imaging.Projection.dll". [c:\Files\Code\Dotnet\DriodTidal\DroidTidal.csproj]
       C:\Program Files\dotnet\sdk\10.0.103\Microsoft.Common.CurrentVersion.targets(2437,5): warning MSB3277:             C:\Users\Anonymous\.nuget\packages\microsoft.windowsappsdk.ai\1.8.47\lib\net6.0-windows10.0.17763.0\Microsoft.Graphics.Imaging.Projection.dll [c:\Files\Code\Dotnet\DriodTidal\DroidTidal.csproj]
       C:\Program Files\dotnet\sdk\10.0.103\Microsoft.Common.CurrentVersion.targets(2437,5): warning MSB3277:             C:\Users\Anonymous\.nuget\packages\microsoft.windowsappsdk.ai\1.8.47\lib\net6.0-windows10.0.17763.0\Microsoft.Windows.AI.Imaging.Projection.dll [c:\Files\Code\Dotnet\DriodTidal\DroidTidal.csproj]
       C:\Program Files\dotnet\sdk\10.0.103\Microsoft.Common.CurrentVersion.targets(2437,5): warning MSB3277:         C:\Users\Anonymous\.nuget\packages\microsoft.windowsappsdk.ai\1.8.47\lib\net6.0-windows10.0.17763.0\Microsoft.Windows.AI.ContentSafety.Projection.dll [c:\Files\Code\Dotnet\DriodTidal\DroidTidal.csproj]
       C:\Program Files\dotnet\sdk\10.0.103\Microsoft.Common.CurrentVersion.targets(2437,5): warning MSB3277:           Project file item includes which caused reference "C:\Users\Anonymous\.nuget\packages\microsoft.windowsappsdk.ai\1.8.47\lib\net6.0-windows10.0.17763.0\Microsoft.Windows.AI.ContentSafety.Projection.dll". [c:\Files\Code\Dotnet\DriodTidal\DroidTidal.csproj]
       C:\Program Files\dotnet\sdk\10.0.103\Microsoft.Common.CurrentVersion.targets(2437,5): warning MSB3277:             C:\Users\Anonymous\.nuget\packages\microsoft.windowsappsdk.ai\1.8.47\lib\net6.0-windows10.0.17763.0\Microsoft.Windows.AI.ContentSafety.Projection.dll [c:\Files\Code\Dotnet\DriodTidal\DroidTidal.csproj]
       C:\Program Files\dotnet\sdk\10.0.103\Microsoft.Common.CurrentVersion.targets(2437,5): warning MSB3277:             C:\Users\Anonymous\.nuget\packages\microsoft.windowsappsdk.ai\1.8.47\lib\net6.0-windows10.0.17763.0\Microsoft.Windows.AI.Imaging.Projection.dll [c:\Files\Code\Dotnet\DriodTidal\DroidTidal.csproj]
       C:\Program Files\dotnet\sdk\10.0.103\Microsoft.Common.CurrentVersion.targets(2437,5): warning MSB3277:             C:\Users\Anonymous\.nuget\packages\microsoft.windowsappsdk.ai\1.8.47\lib\net6.0-windows10.0.17763.0\Microsoft.Windows.AI.Text.Projection.dll [c:\Files\Code\Dotnet\DriodTidal\DroidTidal.csproj]
       C:\Program Files\dotnet\sdk\10.0.103\Microsoft.Common.CurrentVersion.targets(2437,5): warning MSB3277:         C:\Users\Anonymous\.nuget\packages\microsoft.windowsappsdk.ai\1.8.47\lib\net6.0-windows10.0.17763.0\Microsoft.Windows.AI.Foundation.Projection.dll [c:\Files\Code\Dotnet\DriodTidal\DroidTidal.csproj]
       C:\Program Files\dotnet\sdk\10.0.103\Microsoft.Common.CurrentVersion.targets(2437,5): warning MSB3277:           Project file item includes which caused reference "C:\Users\Anonymous\.nuget\packages\microsoft.windowsappsdk.ai\1.8.47\lib\net6.0-windows10.0.17763.0\Microsoft.Windows.AI.Foundation.Projection.dll". [c:\Files\Code\Dotnet\DriodTidal\DroidTidal.csproj]
       C:\Program Files\dotnet\sdk\10.0.103\Microsoft.Common.CurrentVersion.targets(2437,5): warning MSB3277:             C:\Users\Anonymous\.nuget\packages\microsoft.windowsappsdk.ai\1.8.47\lib\net6.0-windows10.0.17763.0\Microsoft.Windows.AI.Foundation.Projection.dll [c:\Files\Code\Dotnet\DriodTidal\DroidTidal.csproj]
       C:\Program Files\dotnet\sdk\10.0.103\Microsoft.Common.CurrentVersion.targets(2437,5): warning MSB3277:             C:\Users\Anonymous\.nuget\packages\microsoft.windowsappsdk.ai\1.8.47\lib\net6.0-windows10.0.17763.0\Microsoft.Windows.AI.Text.Projection.dll [c:\Files\Code\Dotnet\DriodTidal\DroidTidal.csproj]
       C:\Program Files\dotnet\sdk\10.0.103\Microsoft.Common.CurrentVersion.targets(2437,5): warning MSB3277:         C:\Users\Anonymous\.nuget\packages\microsoft.windowsappsdk.ai\1.8.47\lib\net6.0-windows10.0.17763.0\Microsoft.Windows.AI.Imaging.Projection.dll [c:\Files\Code\Dotnet\DriodTidal\DroidTidal.csproj]
       C:\Program Files\dotnet\sdk\10.0.103\Microsoft.Common.CurrentVersion.targets(2437,5): warning MSB3277:           Project file item includes which caused reference "C:\Users\Anonymous\.nuget\packages\microsoft.windowsappsdk.ai\1.8.47\lib\net6.0-windows10.0.17763.0\Microsoft.Windows.AI.Imaging.Projection.dll". [c:\Files\Code\Dotnet\DriodTidal\DroidTidal.csproj]
       C:\Program Files\dotnet\sdk\10.0.103\Microsoft.Common.CurrentVersion.targets(2437,5): warning MSB3277:             C:\Users\Anonymous\.nuget\packages\microsoft.windowsappsdk.ai\1.8.47\lib\net6.0-windows10.0.17763.0\Microsoft.Windows.AI.Imaging.Projection.dll [c:\Files\Code\Dotnet\DriodTidal\DroidTidal.csproj]
       C:\Program Files\dotnet\sdk\10.0.103\Microsoft.Common.CurrentVersion.targets(2437,5): warning MSB3277:         C:\Users\Anonymous\.nuget\packages\microsoft.windowsappsdk.ai\1.8.47\lib\net6.0-windows10.0.17763.0\Microsoft.Windows.AI.Projection.dll [c:\Files\Code\Dotnet\DriodTidal\DroidTidal.csproj]
       C:\Program Files\dotnet\sdk\10.0.103\Microsoft.Common.CurrentVersion.targets(2437,5): warning MSB3277:           Project file item includes which caused reference "C:\Users\Anonymous\.nuget\packages\microsoft.windowsappsdk.ai\1.8.47\lib\net6.0-windows10.0.17763.0\Microsoft.Windows.AI.Projection.dll". [c:\Files\Code\Dotnet\DriodTidal\DroidTidal.csproj]
       C:\Program Files\dotnet\sdk\10.0.103\Microsoft.Common.CurrentVersion.targets(2437,5): warning MSB3277:             C:\Users\Anonymous\.nuget\packages\microsoft.windowsappsdk.ai\1.8.47\lib\net6.0-windows10.0.17763.0\Microsoft.Windows.AI.Projection.dll [c:\Files\Code\Dotnet\DriodTidal\DroidTidal.csproj]
       C:\Program Files\dotnet\sdk\10.0.103\Microsoft.Common.CurrentVersion.targets(2437,5): warning MSB3277:             C:\Users\Anonymous\.nuget\packages\microsoft.windowsappsdk.ai\1.8.47\lib\net6.0-windows10.0.17763.0\Microsoft.Windows.AI.Imaging.Projection.dll [c:\Files\Code\Dotnet\DriodTidal\DroidTidal.csproj]
       C:\Program Files\dotnet\sdk\10.0.103\Microsoft.Common.CurrentVersion.targets(2437,5): warning MSB3277:             C:\Users\Anonymous\.nuget\packages\microsoft.windowsappsdk.ai\1.8.47\lib\net6.0-windows10.0.17763.0\Microsoft.Windows.AI.Text.Projection.dll [c:\Files\Code\Dotnet\DriodTidal\DroidTidal.csproj]
       C:\Program Files\dotnet\sdk\10.0.103\Microsoft.Common.CurrentVersion.targets(2437,5): warning MSB3277:         C:\Users\Anonymous\.nuget\packages\microsoft.windowsappsdk.ai\1.8.47\lib\net6.0-windows10.0.17763.0\Microsoft.Windows.AI.Text.Projection.dll [c:\Files\Code\Dotnet\DriodTidal\DroidTidal.csproj]
       C:\Program Files\dotnet\sdk\10.0.103\Microsoft.Common.CurrentVersion.targets(2437,5): warning MSB3277:           Project file item includes which caused reference "C:\Users\Anonymous\.nuget\packages\microsoft.windowsappsdk.ai\1.8.47\lib\net6.0-windows10.0.17763.0\Microsoft.Windows.AI.Text.Projection.dll". [c:\Files\Code\Dotnet\DriodTidal\DroidTidal.csproj]
       C:\Program Files\dotnet\sdk\10.0.103\Microsoft.Common.CurrentVersion.targets(2437,5): warning MSB3277:             C:\Users\Anonymous\.nuget\packages\microsoft.windowsappsdk.ai\1.8.47\lib\net6.0-windows10.0.17763.0\Microsoft.Windows.AI.Text.Projection.dll [c:\Files\Code\Dotnet\DriodTidal\DroidTidal.csproj]
       C:\Program Files\dotnet\sdk\10.0.103\Microsoft.Common.CurrentVersion.targets(2437,5): warning MSB3277:         C:\Users\Anonymous\.nuget\packages\microsoft.windowsappsdk.foundation\1.8.260203002\lib\net6.0-windows10.0.17763.0\Microsoft.Security.Authentication.OAuth.Projection.dll [c:\Files\Code\Dotnet\DriodTidal\DroidTidal.csproj]
       C:\Program Files\dotnet\sdk\10.0.103\Microsoft.Common.CurrentVersion.targets(2437,5): warning MSB3277:           Project file item includes which caused reference "C:\Users\Anonymous\.nuget\packages\microsoft.windowsappsdk.foundation\1.8.260203002\lib\net6.0-windows10.0.17763.0\Microsoft.Security.Authentication.OAuth.Projection.dll". [c:\Files\Code\Dotnet\DriodTidal\DroidTidal.csproj]
       C:\Program Files\dotnet\sdk\10.0.103\Microsoft.Common.CurrentVersion.targets(2437,5): warning MSB3277:             C:\Users\Anonymous\.nuget\packages\microsoft.windowsappsdk.foundation\1.8.260203002\lib\net6.0-windows10.0.17763.0\Microsoft.Security.Authentication.OAuth.Projection.dll [c:\Files\Code\Dotnet\DriodTidal\DroidTidal.csproj]
       C:\Program Files\dotnet\sdk\10.0.103\Microsoft.Common.CurrentVersion.targets(2437,5): warning MSB3277:         C:\Users\Anonymous\.nuget\packages\microsoft.windowsappsdk.foundation\1.8.260203002\lib\net6.0-windows10.0.17763.0\Microsoft.Windows.AppLifecycle.Projection.dll [c:\Files\Code\Dotnet\DriodTidal\DroidTidal.csproj]
       C:\Program Files\dotnet\sdk\10.0.103\Microsoft.Common.CurrentVersion.targets(2437,5): warning MSB3277:           Project file item includes which caused reference "C:\Users\Anonymous\.nuget\packages\microsoft.windowsappsdk.foundation\1.8.260203002\lib\net6.0-windows10.0.17763.0\Microsoft.Windows.AppLifecycle.Projection.dll". [c:\Files\Code\Dotnet\DriodTidal\DroidTidal.csproj]
       C:\Program Files\dotnet\sdk\10.0.103\Microsoft.Common.CurrentVersion.targets(2437,5): warning MSB3277:             C:\Users\Anonymous\.nuget\packages\microsoft.windowsappsdk.foundation\1.8.260203002\lib\net6.0-windows10.0.17763.0\Microsoft.Windows.AppLifecycle.Projection.dll [c:\Files\Code\Dotnet\DriodTidal\DroidTidal.csproj]
       C:\Program Files\dotnet\sdk\10.0.103\Microsoft.Common.CurrentVersion.targets(2437,5): warning MSB3277:         C:\Users\Anonymous\.nuget\packages\microsoft.windowsappsdk.foundation\1.8.260203002\lib\net6.0-windows10.0.17763.0\Microsoft.Windows.AppNotifications.Builder.Projection.dll [c:\Files\Code\Dotnet\DriodTidal\DroidTidal.csproj]
       C:\Program Files\dotnet\sdk\10.0.103\Microsoft.Common.CurrentVersion.targets(2437,5): warning MSB3277:           Project file item includes which caused reference "C:\Users\Anonymous\.nuget\packages\microsoft.windowsappsdk.foundation\1.8.260203002\lib\net6.0-windows10.0.17763.0\Microsoft.Windows.AppNotifications.Builder.Projection.dll". [c:\Files\Code\Dotnet\DriodTidal\DroidTidal.csproj]
       C:\Program Files\dotnet\sdk\10.0.103\Microsoft.Common.CurrentVersion.targets(2437,5): warning MSB3277:             C:\Users\Anonymous\.nuget\packages\microsoft.windowsappsdk.foundation\1.8.260203002\lib\net6.0-windows10.0.17763.0\Microsoft.Windows.AppNotifications.Builder.Projection.dll [c:\Files\Code\Dotnet\DriodTidal\DroidTidal.csproj]
       C:\Program Files\dotnet\sdk\10.0.103\Microsoft.Common.CurrentVersion.targets(2437,5): warning MSB3277:         C:\Users\Anonymous\.nuget\packages\microsoft.windowsappsdk.foundation\1.8.260203002\lib\net6.0-windows10.0.17763.0\Microsoft.Windows.AppNotifications.Projection.dll [c:\Files\Code\Dotnet\DriodTidal\DroidTidal.csproj]
       C:\Program Files\dotnet\sdk\10.0.103\Microsoft.Common.CurrentVersion.targets(2437,5): warning MSB3277:           Project file item includes which caused reference "C:\Users\Anonymous\.nuget\packages\microsoft.windowsappsdk.foundation\1.8.260203002\lib\net6.0-windows10.0.17763.0\Microsoft.Windows.AppNotifications.Projection.dll". [c:\Files\Code\Dotnet\DriodTidal\DroidTidal.csproj]
       C:\Program Files\dotnet\sdk\10.0.103\Microsoft.Common.CurrentVersion.targets(2437,5): warning MSB3277:             C:\Users\Anonymous\.nuget\packages\microsoft.windowsappsdk.foundation\1.8.260203002\lib\net6.0-windows10.0.17763.0\Microsoft.Windows.AppNotifications.Projection.dll [c:\Files\Code\Dotnet\DriodTidal\DroidTidal.csproj]
       C:\Program Files\dotnet\sdk\10.0.103\Microsoft.Common.CurrentVersion.targets(2437,5): warning MSB3277:             C:\Users\Anonymous\.nuget\packages\microsoft.windowsappsdk.foundation\1.8.260203002\lib\net6.0-windows10.0.17763.0\Microsoft.Windows.AppNotifications.Builder.Projection.dll [c:\Files\Code\Dotnet\DriodTidal\DroidTidal.csproj]
       C:\Program Files\dotnet\sdk\10.0.103\Microsoft.Common.CurrentVersion.targets(2437,5): warning MSB3277:         C:\Users\Anonymous\.nuget\packages\microsoft.windowsappsdk.foundation\1.8.260203002\lib\net6.0-windows10.0.17763.0\Microsoft.Windows.ApplicationModel.Background.Projection.dll [c:\Files\Code\Dotnet\DriodTidal\DroidTidal.csproj]
       C:\Program Files\dotnet\sdk\10.0.103\Microsoft.Common.CurrentVersion.targets(2437,5): warning MSB3277:           Project file item includes which caused reference "C:\Users\Anonymous\.nuget\packages\microsoft.windowsappsdk.foundation\1.8.260203002\lib\net6.0-windows10.0.17763.0\Microsoft.Windows.ApplicationModel.Background.Projection.dll". [c:\Files\Code\Dotnet\DriodTidal\DroidTidal.csproj]
       C:\Program Files\dotnet\sdk\10.0.103\Microsoft.Common.CurrentVersion.targets(2437,5): warning MSB3277:             C:\Users\Anonymous\.nuget\packages\microsoft.windowsappsdk.foundation\1.8.260203002\lib\net6.0-windows10.0.17763.0\Microsoft.Windows.ApplicationModel.Background.Projection.dll [c:\Files\Code\Dotnet\DriodTidal\DroidTidal.csproj]
       C:\Program Files\dotnet\sdk\10.0.103\Microsoft.Common.CurrentVersion.targets(2437,5): warning MSB3277:         C:\Users\Anonymous\.nuget\packages\microsoft.windowsappsdk.foundation\1.8.260203002\lib\net6.0-windows10.0.17763.0\Microsoft.Windows.ApplicationModel.DynamicDependency.Projection.dll [c:\Files\Code\Dotnet\DriodTidal\DroidTidal.csproj]
       C:\Program Files\dotnet\sdk\10.0.103\Microsoft.Common.CurrentVersion.targets(2437,5): warning MSB3277:           Project file item includes which caused reference "C:\Users\Anonymous\.nuget\packages\microsoft.windowsappsdk.foundation\1.8.260203002\lib\net6.0-windows10.0.17763.0\Microsoft.Windows.ApplicationModel.DynamicDependency.Projection.dll". [c:\Files\Code\Dotnet\DriodTidal\DroidTidal.csproj]
       C:\Program Files\dotnet\sdk\10.0.103\Microsoft.Common.CurrentVersion.targets(2437,5): warning MSB3277:             C:\Users\Anonymous\.nuget\packages\microsoft.windowsappsdk.foundation\1.8.260203002\lib\net6.0-windows10.0.17763.0\Microsoft.Windows.ApplicationModel.DynamicDependency.Projection.dll [c:\Files\Code\Dotnet\DriodTidal\DroidTidal.csproj]
       C:\Program Files\dotnet\sdk\10.0.103\Microsoft.Common.CurrentVersion.targets(2437,5): warning MSB3277:             C:\Users\Anonymous\.nuget\packages\microsoft.windowsappsdk.foundation\1.8.260203002\lib\net6.0-windows10.0.17763.0\Microsoft.Windows.Management.Deployment.Projection.dll [c:\Files\Code\Dotnet\DriodTidal\DroidTidal.csproj]
       C:\Program Files\dotnet\sdk\10.0.103\Microsoft.Common.CurrentVersion.targets(2437,5): warning MSB3277:         C:\Users\Anonymous\.nuget\packages\microsoft.windowsappsdk.foundation\1.8.260203002\lib\net6.0-windows10.0.17763.0\Microsoft.Windows.ApplicationModel.Resources.Projection.dll [c:\Files\Code\Dotnet\DriodTidal\DroidTidal.csproj]
       C:\Program Files\dotnet\sdk\10.0.103\Microsoft.Common.CurrentVersion.targets(2437,5): warning MSB3277:           Project file item includes which caused reference "C:\Users\Anonymous\.nuget\packages\microsoft.windowsappsdk.foundation\1.8.260203002\lib\net6.0-windows10.0.17763.0\Microsoft.Windows.ApplicationModel.Resources.Projection.dll". [c:\Files\Code\Dotnet\DriodTidal\DroidTidal.csproj]
       C:\Program Files\dotnet\sdk\10.0.103\Microsoft.Common.CurrentVersion.targets(2437,5): warning MSB3277:             C:\Users\Anonymous\.nuget\packages\microsoft.windowsappsdk.foundation\1.8.260203002\lib\net6.0-windows10.0.17763.0\Microsoft.Windows.ApplicationModel.Resources.Projection.dll [c:\Files\Code\Dotnet\DriodTidal\DroidTidal.csproj]
       C:\Program Files\dotnet\sdk\10.0.103\Microsoft.Common.CurrentVersion.targets(2437,5): warning MSB3277:             C:\Users\Anonymous\.nuget\packages\microsoft.windowsappsdk.winui\1.8.260204000\lib\net6.0-windows10.0.17763.0\Microsoft.WinUI.dll [c:\Files\Code\Dotnet\DriodTidal\DroidTidal.csproj]
       C:\Program Files\dotnet\sdk\10.0.103\Microsoft.Common.CurrentVersion.targets(2437,5): warning MSB3277:             C:\Users\Anonymous\.nuget\packages\libvlcsharp\3.9.6\lib\net8.0-windows10.0.19041\LibVLCSharp.dll [c:\Files\Code\Dotnet\DriodTidal\DroidTidal.csproj]
       C:\Program Files\dotnet\sdk\10.0.103\Microsoft.Common.CurrentVersion.targets(2437,5): warning MSB3277:         C:\Users\Anonymous\.nuget\packages\microsoft.windowsappsdk.foundation\1.8.260203002\lib\net6.0-windows10.0.17763.0\Microsoft.Windows.ApplicationModel.WindowsAppRuntime.Projection.dll [c:\Files\Code\Dotnet\DriodTidal\DroidTidal.csproj]
       C:\Program Files\dotnet\sdk\10.0.103\Microsoft.Common.CurrentVersion.targets(2437,5): warning MSB3277:           Project file item includes which caused reference "C:\Users\Anonymous\.nuget\packages\microsoft.windowsappsdk.foundation\1.8.260203002\lib\net6.0-windows10.0.17763.0\Microsoft.Windows.ApplicationModel.WindowsAppRuntime.Projection.dll". [c:\Files\Code\Dotnet\DriodTidal\DroidTidal.csproj]
       C:\Program Files\dotnet\sdk\10.0.103\Microsoft.Common.CurrentVersion.targets(2437,5): warning MSB3277:             C:\Users\Anonymous\.nuget\packages\microsoft.windowsappsdk.foundation\1.8.260203002\lib\net6.0-windows10.0.17763.0\Microsoft.Windows.ApplicationModel.WindowsAppRuntime.Projection.dll [c:\Files\Code\Dotnet\DriodTidal\DroidTidal.csproj]
       C:\Program Files\dotnet\sdk\10.0.103\Microsoft.Common.CurrentVersion.targets(2437,5): warning MSB3277:         C:\Users\Anonymous\.nuget\packages\microsoft.windowsappsdk.foundation\1.8.260203002\lib\net6.0-windows10.0.17763.0\Microsoft.Windows.BadgeNotifications.Projection.dll [c:\Files\Code\Dotnet\DriodTidal\DroidTidal.csproj]
       C:\Program Files\dotnet\sdk\10.0.103\Microsoft.Common.CurrentVersion.targets(2437,5): warning MSB3277:           Project file item includes which caused reference "C:\Users\Anonymous\.nuget\packages\microsoft.windowsappsdk.foundation\1.8.260203002\lib\net6.0-windows10.0.17763.0\Microsoft.Windows.BadgeNotifications.Projection.dll". [c:\Files\Code\Dotnet\DriodTidal\DroidTidal.csproj]
       C:\Program Files\dotnet\sdk\10.0.103\Microsoft.Common.CurrentVersion.targets(2437,5): warning MSB3277:             C:\Users\Anonymous\.nuget\packages\microsoft.windowsappsdk.foundation\1.8.260203002\lib\net6.0-windows10.0.17763.0\Microsoft.Windows.BadgeNotifications.Projection.dll [c:\Files\Code\Dotnet\DriodTidal\DroidTidal.csproj]
       C:\Program Files\dotnet\sdk\10.0.103\Microsoft.Common.CurrentVersion.targets(2437,5): warning MSB3277:         C:\Users\Anonymous\.nuget\packages\microsoft.windowsappsdk.foundation\1.8.260203002\lib\net6.0-windows10.0.17763.0\Microsoft.Windows.Foundation.Projection.dll [c:\Files\Code\Dotnet\DriodTidal\DroidTidal.csproj]
       C:\Program Files\dotnet\sdk\10.0.103\Microsoft.Common.CurrentVersion.targets(2437,5): warning MSB3277:           Project file item includes which caused reference "C:\Users\Anonymous\.nuget\packages\microsoft.windowsappsdk.foundation\1.8.260203002\lib\net6.0-windows10.0.17763.0\Microsoft.Windows.Foundation.Projection.dll". [c:\Files\Code\Dotnet\DriodTidal\DroidTidal.csproj]
       C:\Program Files\dotnet\sdk\10.0.103\Microsoft.Common.CurrentVersion.targets(2437,5): warning MSB3277:             C:\Users\Anonymous\.nuget\packages\microsoft.windowsappsdk.foundation\1.8.260203002\lib\net6.0-windows10.0.17763.0\Microsoft.Windows.Foundation.Projection.dll [c:\Files\Code\Dotnet\DriodTidal\DroidTidal.csproj]
       C:\Program Files\dotnet\sdk\10.0.103\Microsoft.Common.CurrentVersion.targets(2437,5): warning MSB3277:         C:\Users\Anonymous\.nuget\packages\microsoft.windowsappsdk.foundation\1.8.260203002\lib\net6.0-windows10.0.17763.0\Microsoft.Windows.Management.Deployment.Projection.dll [c:\Files\Code\Dotnet\DriodTidal\DroidTidal.csproj]
       C:\Program Files\dotnet\sdk\10.0.103\Microsoft.Common.CurrentVersion.targets(2437,5): warning MSB3277:           Project file item includes which caused reference "C:\Users\Anonymous\.nuget\packages\microsoft.windowsappsdk.foundation\1.8.260203002\lib\net6.0-windows10.0.17763.0\Microsoft.Windows.Management.Deployment.Projection.dll". [c:\Files\Code\Dotnet\DriodTidal\DroidTidal.csproj]
       C:\Program Files\dotnet\sdk\10.0.103\Microsoft.Common.CurrentVersion.targets(2437,5): warning MSB3277:             C:\Users\Anonymous\.nuget\packages\microsoft.windowsappsdk.foundation\1.8.260203002\lib\net6.0-windows10.0.17763.0\Microsoft.Windows.Management.Deployment.Projection.dll [c:\Files\Code\Dotnet\DriodTidal\DroidTidal.csproj]
       C:\Program Files\dotnet\sdk\10.0.103\Microsoft.Common.CurrentVersion.targets(2437,5): warning MSB3277:         C:\Users\Anonymous\.nuget\packages\microsoft.windowsappsdk.foundation\1.8.260203002\lib\net6.0-windows10.0.17763.0\Microsoft.Windows.Media.Capture.Projection.dll [c:\Files\Code\Dotnet\DriodTidal\DroidTidal.csproj]
       C:\Program Files\dotnet\sdk\10.0.103\Microsoft.Common.CurrentVersion.targets(2437,5): warning MSB3277:           Project file item includes which caused reference "C:\Users\Anonymous\.nuget\packages\microsoft.windowsappsdk.foundation\1.8.260203002\lib\net6.0-windows10.0.17763.0\Microsoft.Windows.Media.Capture.Projection.dll". [c:\Files\Code\Dotnet\DriodTidal\DroidTidal.csproj]
       C:\Program Files\dotnet\sdk\10.0.103\Microsoft.Common.CurrentVersion.targets(2437,5): warning MSB3277:             C:\Users\Anonymous\.nuget\packages\microsoft.windowsappsdk.foundation\1.8.260203002\lib\net6.0-windows10.0.17763.0\Microsoft.Windows.Media.Capture.Projection.dll [c:\Files\Code\Dotnet\DriodTidal\DroidTidal.csproj]
       C:\Program Files\dotnet\sdk\10.0.103\Microsoft.Common.CurrentVersion.targets(2437,5): warning MSB3277:         C:\Users\Anonymous\.nuget\packages\microsoft.windowsappsdk.foundation\1.8.260203002\lib\net6.0-windows10.0.17763.0\Microsoft.Windows.PushNotifications.Projection.dll [c:\Files\Code\Dotnet\DriodTidal\DroidTidal.csproj]
       C:\Program Files\dotnet\sdk\10.0.103\Microsoft.Common.CurrentVersion.targets(2437,5): warning MSB3277:           Project file item includes which caused reference "C:\Users\Anonymous\.nuget\packages\microsoft.windowsappsdk.foundation\1.8.260203002\lib\net6.0-windows10.0.17763.0\Microsoft.Windows.PushNotifications.Projection.dll". [c:\Files\Code\Dotnet\DriodTidal\DroidTidal.csproj]
       C:\Program Files\dotnet\sdk\10.0.103\Microsoft.Common.CurrentVersion.targets(2437,5): warning MSB3277:             C:\Users\Anonymous\.nuget\packages\microsoft.windowsappsdk.foundation\1.8.260203002\lib\net6.0-windows10.0.17763.0\Microsoft.Windows.PushNotifications.Projection.dll [c:\Files\Code\Dotnet\DriodTidal\DroidTidal.csproj]
       C:\Program Files\dotnet\sdk\10.0.103\Microsoft.Common.CurrentVersion.targets(2437,5): warning MSB3277:         C:\Users\Anonymous\.nuget\packages\microsoft.windowsappsdk.foundation\1.8.260203002\lib\net6.0-windows10.0.17763.0\Microsoft.Windows.Security.AccessControl.Projection.dll [c:\Files\Code\Dotnet\DriodTidal\DroidTidal.csproj]
       C:\Program Files\dotnet\sdk\10.0.103\Microsoft.Common.CurrentVersion.targets(2437,5): warning MSB3277:           Project file item includes which caused reference "C:\Users\Anonymous\.nuget\packages\microsoft.windowsappsdk.foundation\1.8.260203002\lib\net6.0-windows10.0.17763.0\Microsoft.Windows.Security.AccessControl.Projection.dll". [c:\Files\Code\Dotnet\DriodTidal\DroidTidal.csproj]
       C:\Program Files\dotnet\sdk\10.0.103\Microsoft.Common.CurrentVersion.targets(2437,5): warning MSB3277:             C:\Users\Anonymous\.nuget\packages\microsoft.windowsappsdk.foundation\1.8.260203002\lib\net6.0-windows10.0.17763.0\Microsoft.Windows.Security.AccessControl.Projection.dll [c:\Files\Code\Dotnet\DriodTidal\DroidTidal.csproj]
       C:\Program Files\dotnet\sdk\10.0.103\Microsoft.Common.CurrentVersion.targets(2437,5): warning MSB3277:         C:\Users\Anonymous\.nuget\packages\microsoft.windowsappsdk.foundation\1.8.260203002\lib\net6.0-windows10.0.17763.0\Microsoft.Windows.Storage.Pickers.Projection.dll [c:\Files\Code\Dotnet\DriodTidal\DroidTidal.csproj]
       C:\Program Files\dotnet\sdk\10.0.103\Microsoft.Common.CurrentVersion.targets(2437,5): warning MSB3277:           Project file item includes which caused reference "C:\Users\Anonymous\.nuget\packages\microsoft.windowsappsdk.foundation\1.8.260203002\lib\net6.0-windows10.0.17763.0\Microsoft.Windows.Storage.Pickers.Projection.dll". [c:\Files\Code\Dotnet\DriodTidal\DroidTidal.csproj]
       C:\Program Files\dotnet\sdk\10.0.103\Microsoft.Common.CurrentVersion.targets(2437,5): warning MSB3277:             C:\Users\Anonymous\.nuget\packages\microsoft.windowsappsdk.foundation\1.8.260203002\lib\net6.0-windows10.0.17763.0\Microsoft.Windows.Storage.Pickers.Projection.dll [c:\Files\Code\Dotnet\DriodTidal\DroidTidal.csproj]
       C:\Program Files\dotnet\sdk\10.0.103\Microsoft.Common.CurrentVersion.targets(2437,5): warning MSB3277:         C:\Users\Anonymous\.nuget\packages\microsoft.windowsappsdk.foundation\1.8.260203002\lib\net6.0-windows10.0.17763.0\Microsoft.Windows.Storage.Projection.dll [c:\Files\Code\Dotnet\DriodTidal\DroidTidal.csproj]
       C:\Program Files\dotnet\sdk\10.0.103\Microsoft.Common.CurrentVersion.targets(2437,5): warning MSB3277:           Project file item includes which caused reference "C:\Users\Anonymous\.nuget\packages\microsoft.windowsappsdk.foundation\1.8.260203002\lib\net6.0-windows10.0.17763.0\Microsoft.Windows.Storage.Projection.dll". [c:\Files\Code\Dotnet\DriodTidal\DroidTidal.csproj]
       C:\Program Files\dotnet\sdk\10.0.103\Microsoft.Common.CurrentVersion.targets(2437,5): warning MSB3277:             C:\Users\Anonymous\.nuget\packages\microsoft.windowsappsdk.foundation\1.8.260203002\lib\net6.0-windows10.0.17763.0\Microsoft.Windows.Storage.Projection.dll [c:\Files\Code\Dotnet\DriodTidal\DroidTidal.csproj]
       C:\Program Files\dotnet\sdk\10.0.103\Microsoft.Common.CurrentVersion.targets(2437,5): warning MSB3277:         C:\Users\Anonymous\.nuget\packages\microsoft.windowsappsdk.foundation\1.8.260203002\lib\net6.0-windows10.0.17763.0\Microsoft.Windows.System.Power.Projection.dll [c:\Files\Code\Dotnet\DriodTidal\DroidTidal.csproj]
       C:\Program Files\dotnet\sdk\10.0.103\Microsoft.Common.CurrentVersion.targets(2437,5): warning MSB3277:           Project file item includes which caused reference "C:\Users\Anonymous\.nuget\packages\microsoft.windowsappsdk.foundation\1.8.260203002\lib\net6.0-windows10.0.17763.0\Microsoft.Windows.System.Power.Projection.dll". [c:\Files\Code\Dotnet\DriodTidal\DroidTidal.csproj]
       C:\Program Files\dotnet\sdk\10.0.103\Microsoft.Common.CurrentVersion.targets(2437,5): warning MSB3277:             C:\Users\Anonymous\.nuget\packages\microsoft.windowsappsdk.foundation\1.8.260203002\lib\net6.0-windows10.0.17763.0\Microsoft.Windows.System.Power.Projection.dll [c:\Files\Code\Dotnet\DriodTidal\DroidTidal.csproj]
       C:\Program Files\dotnet\sdk\10.0.103\Microsoft.Common.CurrentVersion.targets(2437,5): warning MSB3277:         C:\Users\Anonymous\.nuget\packages\microsoft.windowsappsdk.foundation\1.8.260203002\lib\net6.0-windows10.0.17763.0\Microsoft.Windows.System.Projection.dll [c:\Files\Code\Dotnet\DriodTidal\DroidTidal.csproj]
       C:\Program Files\dotnet\sdk\10.0.103\Microsoft.Common.CurrentVersion.targets(2437,5): warning MSB3277:           Project file item includes which caused reference "C:\Users\Anonymous\.nuget\packages\microsoft.windowsappsdk.foundation\1.8.260203002\lib\net6.0-windows10.0.17763.0\Microsoft.Windows.System.Projection.dll". [c:\Files\Code\Dotnet\DriodTidal\DroidTidal.csproj]
       C:\Program Files\dotnet\sdk\10.0.103\Microsoft.Common.CurrentVersion.targets(2437,5): warning MSB3277:             C:\Users\Anonymous\.nuget\packages\microsoft.windowsappsdk.foundation\1.8.260203002\lib\net6.0-windows10.0.17763.0\Microsoft.Windows.System.Projection.dll [c:\Files\Code\Dotnet\DriodTidal\DroidTidal.csproj]
       C:\Program Files\dotnet\sdk\10.0.103\Microsoft.Common.CurrentVersion.targets(2437,5): warning MSB3277:         C:\Users\Anonymous\.nuget\packages\microsoft.windowsappsdk.interactiveexperiences\1.8.260125001\lib\net6.0-windows10.0.18362.0\Microsoft.InteractiveExperiences.Projection.dll [c:\Files\Code\Dotnet\DriodTidal\DroidTidal.csproj]
       C:\Program Files\dotnet\sdk\10.0.103\Microsoft.Common.CurrentVersion.targets(2437,5): warning MSB3277:           Project file item includes which caused reference "C:\Users\Anonymous\.nuget\packages\microsoft.windowsappsdk.interactiveexperiences\1.8.260125001\lib\net6.0-windows10.0.18362.0\Microsoft.InteractiveExperiences.Projection.dll". [c:\Files\Code\Dotnet\DriodTidal\DroidTidal.csproj]
       C:\Program Files\dotnet\sdk\10.0.103\Microsoft.Common.CurrentVersion.targets(2437,5): warning MSB3277:             C:\Users\Anonymous\.nuget\packages\microsoft.windowsappsdk.interactiveexperiences\1.8.260125001\lib\net6.0-windows10.0.18362.0\Microsoft.InteractiveExperiences.Projection.dll [c:\Files\Code\Dotnet\DriodTidal\DroidTidal.csproj]
       C:\Program Files\dotnet\sdk\10.0.103\Microsoft.Common.CurrentVersion.targets(2437,5): warning MSB3277:             C:\Users\Anonymous\.nuget\packages\microsoft.windowsappsdk.foundation\1.8.260203002\lib\net6.0-windows10.0.17763.0\Microsoft.Security.Authentication.OAuth.Projection.dll [c:\Files\Code\Dotnet\DriodTidal\DroidTidal.csproj]
       C:\Program Files\dotnet\sdk\10.0.103\Microsoft.Common.CurrentVersion.targets(2437,5): warning MSB3277:             C:\Users\Anonymous\.nuget\packages\microsoft.windowsappsdk.foundation\1.8.260203002\lib\net6.0-windows10.0.17763.0\Microsoft.Windows.Media.Capture.Projection.dll [c:\Files\Code\Dotnet\DriodTidal\DroidTidal.csproj]
       C:\Program Files\dotnet\sdk\10.0.103\Microsoft.Common.CurrentVersion.targets(2437,5): warning MSB3277:             C:\Users\Anonymous\.nuget\packages\microsoft.windowsappsdk.foundation\1.8.260203002\lib\net6.0-windows10.0.17763.0\Microsoft.Windows.Storage.Pickers.Projection.dll [c:\Files\Code\Dotnet\DriodTidal\DroidTidal.csproj]
       C:\Program Files\dotnet\sdk\10.0.103\Microsoft.Common.CurrentVersion.targets(2437,5): warning MSB3277:             C:\Users\Anonymous\.nuget\packages\microsoft.windowsappsdk.winui\1.8.260204000\lib\net6.0-windows10.0.17763.0\Microsoft.WinUI.dll [c:\Files\Code\Dotnet\DriodTidal\DroidTidal.csproj]
       C:\Program Files\dotnet\sdk\10.0.103\Microsoft.Common.CurrentVersion.targets(2437,5): warning MSB3277:             C:\Users\Anonymous\.nuget\packages\libvlcsharp\3.9.6\lib\net8.0-windows10.0.19041\LibVLCSharp.dll [c:\Files\Code\Dotnet\DriodTidal\DroidTidal.csproj]
       C:\Program Files\dotnet\sdk\10.0.103\Microsoft.Common.CurrentVersion.targets(2437,5): warning MSB3277:         C:\Users\Anonymous\.nuget\packages\microsoft.windowsappsdk.ml\1.8.2124\lib\net8.0-windows10.0.17763.0\Microsoft.Windows.AI.MachineLearning.Projection.dll [c:\Files\Code\Dotnet\DriodTidal\DroidTidal.csproj]
       C:\Program Files\dotnet\sdk\10.0.103\Microsoft.Common.CurrentVersion.targets(2437,5): warning MSB3277:           Project file item includes which caused reference "C:\Users\Anonymous\.nuget\packages\microsoft.windowsappsdk.ml\1.8.2124\lib\net8.0-windows10.0.17763.0\Microsoft.Windows.AI.MachineLearning.Projection.dll". [c:\Files\Code\Dotnet\DriodTidal\DroidTidal.csproj]
       C:\Program Files\dotnet\sdk\10.0.103\Microsoft.Common.CurrentVersion.targets(2437,5): warning MSB3277:             C:\Users\Anonymous\.nuget\packages\microsoft.windowsappsdk.ml\1.8.2124\lib\net8.0-windows10.0.17763.0\Microsoft.Windows.AI.MachineLearning.Projection.dll [c:\Files\Code\Dotnet\DriodTidal\DroidTidal.csproj]
       C:\Program Files\dotnet\sdk\10.0.103\Microsoft.Common.CurrentVersion.targets(2437,5): warning MSB3277:         C:\Users\Anonymous\.nuget\packages\microsoft.windowsappsdk.widgets\1.8.251231004\lib\net6.0-windows10.0.17763.0\Microsoft.Windows.Widgets.Projection.dll [c:\Files\Code\Dotnet\DriodTidal\DroidTidal.csproj]
       C:\Program Files\dotnet\sdk\10.0.103\Microsoft.Common.CurrentVersion.targets(2437,5): warning MSB3277:           Project file item includes which caused reference "C:\Users\Anonymous\.nuget\packages\microsoft.windowsappsdk.widgets\1.8.251231004\lib\net6.0-windows10.0.17763.0\Microsoft.Windows.Widgets.Projection.dll". [c:\Files\Code\Dotnet\DriodTidal\DroidTidal.csproj]
       C:\Program Files\dotnet\sdk\10.0.103\Microsoft.Common.CurrentVersion.targets(2437,5): warning MSB3277:             C:\Users\Anonymous\.nuget\packages\microsoft.windowsappsdk.widgets\1.8.251231004\lib\net6.0-windows10.0.17763.0\Microsoft.Windows.Widgets.Projection.dll [c:\Files\Code\Dotnet\DriodTidal\DroidTidal.csproj]
       C:\Program Files\dotnet\sdk\10.0.103\Microsoft.Common.CurrentVersion.targets(2437,5): warning MSB3277:         C:\Users\Anonymous\.nuget\packages\microsoft.windowsappsdk.winui\1.8.260204000\lib\net6.0-windows10.0.17763.0\Microsoft.WinUI.dll [c:\Files\Code\Dotnet\DriodTidal\DroidTidal.csproj]
       C:\Program Files\dotnet\sdk\10.0.103\Microsoft.Common.CurrentVersion.targets(2437,5): warning MSB3277:           Project file item includes which caused reference "C:\Users\Anonymous\.nuget\packages\microsoft.windowsappsdk.winui\1.8.260204000\lib\net6.0-windows10.0.17763.0\Microsoft.WinUI.dll". [c:\Files\Code\Dotnet\DriodTidal\DroidTidal.csproj]
       C:\Program Files\dotnet\sdk\10.0.103\Microsoft.Common.CurrentVersion.targets(2437,5): warning MSB3277:             C:\Users\Anonymous\.nuget\packages\microsoft.windowsappsdk.winui\1.8.260204000\lib\net6.0-windows10.0.17763.0\Microsoft.WinUI.dll [c:\Files\Code\Dotnet\DriodTidal\DroidTidal.csproj]
       C:\Program Files\dotnet\sdk\10.0.103\Microsoft.Common.CurrentVersion.targets(2437,5): warning MSB3277:             C:\Users\Anonymous\.nuget\packages\libvlcsharp\3.9.6\lib\net8.0-windows10.0.19041\LibVLCSharp.dll [c:\Files\Code\Dotnet\DriodTidal\DroidTidal.csproj]


       "c:\Files\Code\Dotnet\DriodTidal\DroidTidal.csproj" (default target) (1:7) ->
       (MarkupCompilePass1 target) -> 
         C:\Users\Anonymous\.nuget\packages\microsoft.windowsappsdk.winui\1.8.260204000\buildTransitive\Microsoft.UI.Xaml.Markup.Compiler.interop.targets(594,9): error MSB3073: The command ""C:\Users\Anonymous\.nuget\packages\microsoft.windowsappsdk.winui\1.8.260204000\buildTransitive\..\tools\net6.0\..\net472\XamlCompiler.exe" "obj\Debug\net8.0-windows10.0.22621.0\\input.json" "obj\Debug\net8.0-windows10.0.22621.0\\output.json"" exited with code 1. [c:\Files\Code\Dotnet\DriodTidal\DroidTidal.csproj]

    1 Warning(s)
    1 Error(s)

Time Elapsed 00:00:04.93
